Archive member included to satisfy reference by file (symbol)

/opt/st/stm32cubeide_1.15.0/plugins/com.st.stm32cube.ide.mcu.externaltools.gnu-tools-for-stm32.12.3.rel1.linux64_1.0.100.202403111256/tools/bin/../lib/gcc/arm-none-eabi/12.3.1/../../../../arm-none-eabi/lib/thumb/v7e-m+fp/hard/libc_nano.a(libc_a-exit.o)
                              /opt/st/stm32cubeide_1.15.0/plugins/com.st.stm32cube.ide.mcu.externaltools.gnu-tools-for-stm32.12.3.rel1.linux64_1.0.100.202403111256/tools/bin/../lib/gcc/arm-none-eabi/12.3.1/../../../../arm-none-eabi/lib/thumb/v7e-m+fp/hard/crt0.o (exit)
/opt/st/stm32cubeide_1.15.0/plugins/com.st.stm32cube.ide.mcu.externaltools.gnu-tools-for-stm32.12.3.rel1.linux64_1.0.100.202403111256/tools/bin/../lib/gcc/arm-none-eabi/12.3.1/../../../../arm-none-eabi/lib/thumb/v7e-m+fp/hard/libc_nano.a(libc_a-findfp.o)
                              /opt/st/stm32cubeide_1.15.0/plugins/com.st.stm32cube.ide.mcu.externaltools.gnu-tools-for-stm32.12.3.rel1.linux64_1.0.100.202403111256/tools/bin/../lib/gcc/arm-none-eabi/12.3.1/../../../../arm-none-eabi/lib/thumb/v7e-m+fp/hard/libc_nano.a(libc_a-exit.o) (__stdio_exit_handler)
/opt/st/stm32cubeide_1.15.0/plugins/com.st.stm32cube.ide.mcu.externaltools.gnu-tools-for-stm32.12.3.rel1.linux64_1.0.100.202403111256/tools/bin/../lib/gcc/arm-none-eabi/12.3.1/../../../../arm-none-eabi/lib/thumb/v7e-m+fp/hard/libc_nano.a(libc_a-fwalk.o)
                              /opt/st/stm32cubeide_1.15.0/plugins/com.st.stm32cube.ide.mcu.externaltools.gnu-tools-for-stm32.12.3.rel1.linux64_1.0.100.202403111256/tools/bin/../lib/gcc/arm-none-eabi/12.3.1/../../../../arm-none-eabi/lib/thumb/v7e-m+fp/hard/libc_nano.a(libc_a-findfp.o) (_fwalk_sglue)
/opt/st/stm32cubeide_1.15.0/plugins/com.st.stm32cube.ide.mcu.externaltools.gnu-tools-for-stm32.12.3.rel1.linux64_1.0.100.202403111256/tools/bin/../lib/gcc/arm-none-eabi/12.3.1/../../../../arm-none-eabi/lib/thumb/v7e-m+fp/hard/libc_nano.a(libc_a-printf.o)
                              ./Src/RFID.o (printf)
/opt/st/stm32cubeide_1.15.0/plugins/com.st.stm32cube.ide.mcu.externaltools.gnu-tools-for-stm32.12.3.rel1.linux64_1.0.100.202403111256/tools/bin/../lib/gcc/arm-none-eabi/12.3.1/../../../../arm-none-eabi/lib/thumb/v7e-m+fp/hard/libc_nano.a(libc_a-puts.o)
                              ./Src/RFID.o (puts)
/opt/st/stm32cubeide_1.15.0/plugins/com.st.stm32cube.ide.mcu.externaltools.gnu-tools-for-stm32.12.3.rel1.linux64_1.0.100.202403111256/tools/bin/../lib/gcc/arm-none-eabi/12.3.1/../../../../arm-none-eabi/lib/thumb/v7e-m+fp/hard/libc_nano.a(libc_a-stdio.o)
                              /opt/st/stm32cubeide_1.15.0/plugins/com.st.stm32cube.ide.mcu.externaltools.gnu-tools-for-stm32.12.3.rel1.linux64_1.0.100.202403111256/tools/bin/../lib/gcc/arm-none-eabi/12.3.1/../../../../arm-none-eabi/lib/thumb/v7e-m+fp/hard/libc_nano.a(libc_a-findfp.o) (__sread)
/opt/st/stm32cubeide_1.15.0/plugins/com.st.stm32cube.ide.mcu.externaltools.gnu-tools-for-stm32.12.3.rel1.linux64_1.0.100.202403111256/tools/bin/../lib/gcc/arm-none-eabi/12.3.1/../../../../arm-none-eabi/lib/thumb/v7e-m+fp/hard/libc_nano.a(libc_a-wbuf.o)
                              /opt/st/stm32cubeide_1.15.0/plugins/com.st.stm32cube.ide.mcu.externaltools.gnu-tools-for-stm32.12.3.rel1.linux64_1.0.100.202403111256/tools/bin/../lib/gcc/arm-none-eabi/12.3.1/../../../../arm-none-eabi/lib/thumb/v7e-m+fp/hard/libc_nano.a(libc_a-puts.o) (__swbuf_r)
/opt/st/stm32cubeide_1.15.0/plugins/com.st.stm32cube.ide.mcu.externaltools.gnu-tools-for-stm32.12.3.rel1.linux64_1.0.100.202403111256/tools/bin/../lib/gcc/arm-none-eabi/12.3.1/../../../../arm-none-eabi/lib/thumb/v7e-m+fp/hard/libc_nano.a(libc_a-wsetup.o)
                              /opt/st/stm32cubeide_1.15.0/plugins/com.st.stm32cube.ide.mcu.externaltools.gnu-tools-for-stm32.12.3.rel1.linux64_1.0.100.202403111256/tools/bin/../lib/gcc/arm-none-eabi/12.3.1/../../../../arm-none-eabi/lib/thumb/v7e-m+fp/hard/libc_nano.a(libc_a-puts.o) (__swsetup_r)
/opt/st/stm32cubeide_1.15.0/plugins/com.st.stm32cube.ide.mcu.externaltools.gnu-tools-for-stm32.12.3.rel1.linux64_1.0.100.202403111256/tools/bin/../lib/gcc/arm-none-eabi/12.3.1/../../../../arm-none-eabi/lib/thumb/v7e-m+fp/hard/libc_nano.a(libc_a-memset.o)
                              /opt/st/stm32cubeide_1.15.0/plugins/com.st.stm32cube.ide.mcu.externaltools.gnu-tools-for-stm32.12.3.rel1.linux64_1.0.100.202403111256/tools/bin/../lib/gcc/arm-none-eabi/12.3.1/../../../../arm-none-eabi/lib/thumb/v7e-m+fp/hard/crt0.o (memset)
/opt/st/stm32cubeide_1.15.0/plugins/com.st.stm32cube.ide.mcu.externaltools.gnu-tools-for-stm32.12.3.rel1.linux64_1.0.100.202403111256/tools/bin/../lib/gcc/arm-none-eabi/12.3.1/../../../../arm-none-eabi/lib/thumb/v7e-m+fp/hard/libc_nano.a(libc_a-closer.o)
[...]
Memory Configuration

Name             Origin             Length             Attributes
CCMRAM           0x10000000         0x00010000         xrw
RAM              0x20000000         0x00020000         xrw
FLASH            0x08000000         0x00100000         xr
*default*        0x00000000         0xffffffff

Linker script and memory map

LOAD /opt/st/stm32cubeide_1.15.0/plugins/com.st.stm32cube.ide.mcu.externaltools.gnu-tools-for-stm32.12.3.rel1.linux64_1.0.100.202403111256/tools/bin/../lib/gcc/arm-none-eabi/12.3.1/thumb/v7e-m+fp/hard/crti.o
LOAD /opt/st/stm32cubeide_1.15.0/plugins/com.st.stm32cube.ide.mcu.externaltools.gnu-tools-for-stm32.12.3.rel1.linux64_1.0.100.202403111256/tools/bin/../lib/gcc/arm-none-eabi/12.3.1/thumb/v7e-m+fp/hard/crtbegin.o
LOAD /opt/st/stm32cubeide_1.15.0/plugins/com.st.stm32cube.ide.mcu.externaltools.gnu-tools-for-stm32.12.3.rel1.linux64_1.0.100.202403111256/tools/bin/../lib/gcc/arm-none-eabi/12.3.1/../../../../arm-none-eabi/lib/thumb/v7e-m+fp/hard/crt0.o
LOAD ./Src/RFID.o
LOAD ./Src/delay.o
LOAD ./Src/i2c.o
LOAD ./Src/i2c_lcd.o
LOAD ./Src/itm.o
LOAD ./Src/keypad.o
LOAD ./Src/led.o
LOAD ./Src/main.o
LOAD ./Src/servo.o
LOAD ./Src/spi.o
LOAD ./Src/syscalls.o
LOAD ./Src/sysmem.o
LOAD ./Src/system_stm32f4xx.o
LOAD ./Startup/startup_stm32f407vgtx.o
START GROUP
LOAD /opt/st/stm32cubeide_1.15.0/plugins/com.st.stm32cube.ide.mcu.externaltools.gnu-tools-for-stm32.12.3.rel1.linux64_1.0.100.202403111256/tools/bin/../lib/gcc/arm-none-eabi/12.3.1/../../../../arm-none-eabi/lib/thumb/v7e-m+fp/hard/libc_nano.a
LOAD /opt/st/stm32cubeide_1.15.0/plugins/com.st.stm32cube.ide.mcu.externaltools.gnu-tools-for-stm32.12.3.rel1.linux64_1.0.100.202403111256/tools/bin/../lib/gcc/arm-none-eabi/12.3.1/../../../../arm-none-eabi/lib/thumb/v7e-m+fp/hard/libm.a
END GROUP
START GROUP
LOAD /opt/st/stm32cubeide_1.15.0/plugins/com.st.stm32cube.ide.mcu.externaltools.gnu-tools-for-stm32.12.3.rel1.linux64_1.0.100.202403111256/tools/bin/../lib/gcc/arm-none-eabi/12.3.1/thumb/v7e-m+fp/hard/libgcc.a
LOAD /opt/st/stm32cubeide_1.15.0/plugins/com.st.stm32cube.ide.mcu.externaltools.gnu-tools-for-stm32.12.3.rel1.linux64_1.0.100.202403111256/tools/bin/../lib/gcc/arm-none-eabi/12.3.1/../../../../arm-none-eabi/lib/thumb/v7e-m+fp/hard/libc_nano.a
END GROUP
START GROUP
LOAD /opt/st/stm32cubeide_1.15.0/plugins/com.st.stm32cube.ide.mcu.externaltools.gnu-tools-for-stm32.12.3.rel1.linux64_1.0.100.202403111256/tools/bin/../lib/gcc/arm-none-eabi/12.3.1/thumb/v7e-m+fp/hard/libgcc.a
LOAD /opt/st/stm32cubeide_1.15.0/plugins/com.st.stm32cube.ide.mcu.externaltools.gnu-tools-for-stm32.12.3.rel1.linux64_1.0.100.202403111256/tools/bin/../lib/gcc/arm-none-eabi/12.3.1/../../../../arm-none-eabi/lib/thumb/v7e-m+fp/hard/libc_nano.a
LOAD /opt/st/stm32cubeide_1.15.0/plugins/com.st.stm32cube.ide.mcu.externaltools.gnu-tools-for-stm32.12.3.rel1.linux64_1.0.100.202403111256/tools/bin/../lib/gcc/arm-none-eabi/12.3.1/../../../../arm-none-eabi/lib/thumb/v7e-m+fp/hard/libnosys.a
END GROUP
START GROUP
LOAD /opt/st/stm32cubeide_1.15.0/plugins/com.st.stm32cube.ide.mcu.externaltools.gnu-tools-for-stm32.12.3.rel1.linux64_1.0.100.202403111256/tools/bin/../lib/gcc/arm-none-eabi/12.3.1/thumb/v7e-m+fp/hard/libgcc.a
LOAD /opt/st/stm32cubeide_1.15.0/plugins/com.st.stm32cube.ide.mcu.externaltools.gnu-tools-for-stm32.12.3.rel1.linux64_1.0.100.202403111256/tools/bin/../lib/gcc/arm-none-eabi/12.3.1/../../../../arm-none-eabi/lib/thumb/v7e-m+fp/hard/libc_nano.a
LOAD /opt/st/stm32cubeide_1.15.0/plugins/com.st.stm32cube.ide.mcu.externaltools.gnu-tools-for-stm32.12.3.rel1.linux64_1.0.100.202403111256/tools/bin/../lib/gcc/arm-none-eabi/12.3.1/../../../../arm-none-eabi/lib/thumb/v7e-m+fp/hard/libnosys.a
END GROUP
LOAD /opt/st/stm32cubeide_1.15.0/plugins/com.st.stm32cube.ide.mcu.externaltools.gnu-tools-for-stm32.12.3.rel1.linux64_1.0.100.202403111256/tools/bin/../lib/gcc/arm-none-eabi/12.3.1/thumb/v7e-m+fp/hard/crtend.o
LOAD /opt/st/stm32cubeide_1.15.0/plugins/com.st.stm32cube.ide.mcu.externaltools.gnu-tools-for-stm32.12.3.rel1.linux64_1.0.100.202403111256/tools/bin/../lib/gcc/arm-none-eabi/12.3.1/thumb/v7e-m+fp/hard/crtn.o
                0x20020000                        _estack = (ORIGIN (RAM) + LENGTH (RAM))
                0x00000200                        _Min_Heap_Size = 0x200
                0x00000400                        _Min_Stack_Size = 0x400

.isr_vector     0x08000000      0x188
                0x08000000                        . = ALIGN (0x4)
 *(.isr_vector)
 .isr_vector    0x08000000      0x188 ./Startup/startup_stm32f407vgtx.o
                0x08000000                g_pfnVectors
                0x08000188                        . = ALIGN (0x4)

.text           0x08000190     0x2510
                0x08000190                        . = ALIGN (0x4)
 *(.text)
 .text          0x08000190       0x40 /opt/st/stm32cubeide_1.15.0/plugins/com.st.stm32cube.ide.mcu.externaltools.gnu-tools-for-stm32.12.3.rel1.linux64_1.0.100.202403111256/tools/bin/../lib/gcc/arm-none-eabi/12.3.1/thumb/v7e-m+fp/hard/crtbegin.o
 .text          0x080001d0       0xa0 /opt/st/stm32cubeide_1.15.0/plugins/com.st.stm32cube.ide.mcu.externaltools.gnu-tools-for-stm32.12.3.rel1.linux64_1.0.100.202403111256/tools/bin/../lib/gcc/arm-none-eabi/12.3.1/../../../../arm-none-eabi/lib/thumb/v7e-m+fp/hard/libc_nano.a(libc_a-memchr.o)
                0x080001d0                memchr
 *(.text*)
 .text.spi_cs_rfid_write
                0x08000270       0x3c ./Src/RFID.o
                0x08000270                spi_cs_rfid_write
 .text.rc522_regRead8
                0x080002ac       0x50 ./Src/RFID.o
                0x080002ac                rc522_regRead8
 .text.rc522_regWrite8
                0x080002fc       0x42 ./Src/RFID.o
                0x080002fc                rc522_regWrite8
 .text.rc522_setBit
                0x0800033e       0x34 ./Src/RFID.o
                0x0800033e                rc522_setBit
 .text.rc522_clearBit
                0x08000372       0x3c ./Src/RFID.o
                0x08000372                rc522_clearBit
 .text.rc522_reset
                0x080003ae       0x10 ./Src/RFID.o
                0x080003ae                rc522_reset
 .text.rc522_antennaON
                0x080003be       0x2a ./Src/RFID.o
                0x080003be                rc522_antennaON
 .text.rc522_checkCard
                0x080003e8       0x36 ./Src/RFID.o
                0x080003e8                rc522_checkCard
 .text.rc522_request
                0x0800041e       0x54 ./Src/RFID.o
                0x0800041e                rc522_request
 *fill*         0x08000472        0x2 
 .text.rc522_toCard
                0x08000474      0x1d4 ./Src/RFID.o
                0x08000474                rc522_toCard
 .text.rc522_antiColl
                0x08000648       0x7a ./Src/RFID.o
                0x08000648                rc522_antiColl
 .text.rc522_halt
                0x080006c2       0x36 ./Src/RFID.o
                0x080006c2                rc522_halt
 .text.rc522_calculateCRC
                0x080006f8       0x92 ./Src/RFID.o
                0x080006f8                rc522_calculateCRC
 *fill*         0x0800078a        0x2 
 .text.rc522_init
                0x0800078c       0xd0 ./Src/RFID.o
                0x0800078c                rc522_init
 .text.systick_init_ms
                0x0800085c       0x40 ./Src/delay.o
                0x0800085c                systick_init_ms
 .text.millis   0x0800089c       0x2c ./Src/delay.o
                0x0800089c                millis
 .text.SysTick_Handler
                0x080008c8       0x1c ./Src/delay.o
                0x080008c8                SysTick_Handler
 .text.DelayMs  0x080008e4       0x50 ./Src/i2c.o
 .text.I2CStart
                0x08000934       0x30 ./Src/i2c.o
                0x08000934                I2CStart
 .text.I2CStop  0x08000964       0x30 ./Src/i2c.o
                0x08000964                I2CStop
 .text.I2CSendSlaveAddress
                0x08000994       0x38 ./Src/i2c.o
                0x08000994                I2CSendSlaveAddress
 .text.I2CSendData
                0x080009cc       0x40 ./Src/i2c.o
                0x080009cc                I2CSendData
 .text.I2CIsDeviceReady
                0x08000a0c       0x3c ./Src/i2c.o
                0x08000a0c                I2CIsDeviceReady
 .text.I2CInit  0x08000a48      0x120 ./Src/i2c.o
                0x08000a48                I2CInit
 .text.DelayMs  0x08000b68       0x50 ./Src/i2c_lcd.o
 .text.LcdWriteByte
                0x08000bb8       0x28 ./Src/i2c_lcd.o
                0x08000bb8                LcdWriteByte
 .text.LcdWrite
                0x08000be0       0x90 ./Src/i2c_lcd.o
                0x08000be0                LcdWrite
 .text.LcdInit  0x08000c70       0xc8 ./Src/i2c_lcd.o
                0x08000c70                LcdInit
 .text.LcdPuts  0x08000d38       0x4e ./Src/i2c_lcd.o
                0x08000d38                LcdPuts
 *fill*         0x08000d86        0x2 
 .text.__io_putchar
                0x08000d88       0x50 ./Src/itm.o
                0x08000d88                __io_putchar
 .text.keypad_init
                0x08000dd8       0x58 ./Src/keypad.o
                0x08000dd8                keypad_init
 .text.keypad_read
                0x08000e30       0x64 ./Src/keypad.o
                0x08000e30                keypad_read
 .text.decode_keypad
                0x08000e94       0x60 ./Src/keypad.o
 .text.LedInit  0x08000ef4       0xb8 ./Src/led.o
                0x08000ef4                LedInit
 .text.LedOn    0x08000fac       0x2c ./Src/led.o
                0x08000fac                LedOn
 .text.LedOff   0x08000fd8       0x30 ./Src/led.o
                0x08000fd8                LedOff
 .text.DelayMs  0x08001008       0x50 ./Src/main.o
 .text.lockDoor
                0x08001058       0x7c ./Src/main.o
                0x08001058                lockDoor
 .text.unlockDoor
                0x080010d4       0xa4 ./Src/main.o
                0x080010d4                unlockDoor
 .text.main     0x08001178      0x108 ./Src/main.o
                0x08001178                main
 .text.GPIO_Init
                0x08001280       0x3c ./Src/servo.o
                0x08001280                GPIO_Init
 .text.TIM2_Init
                0x080012bc       0x5c ./Src/servo.o
                0x080012bc                TIM2_Init
 .text.TIM4_ms_Delay
                0x08001318       0x64 ./Src/servo.o
                0x08001318                TIM4_ms_Delay
 .text.SPI_Init
                0x0800137c       0x74 ./Src/spi.o
                0x0800137c                SPI_Init
 .text.SPI_Transmit
                0x080013f0      0x110 ./Src/spi.o
                0x080013f0                SPI_Transmit
 .text.SPI_Receive
                0x08001500       0x64 ./Src/spi.o
                0x08001500                SPI_Receive
 .text._read    0x08001564       0x3a ./Src/syscalls.o
                0x08001564                _read
 .text._write   0x0800159e       0x38 ./Src/syscalls.o
                0x0800159e                _write
 .text._close   0x080015d6       0x18 ./Src/syscalls.o
                0x080015d6                _close
 .text._fstat   0x080015ee       0x20 ./Src/syscalls.o
                0x080015ee                _fstat
 .text._isatty  0x0800160e       0x16 ./Src/syscalls.o
                0x0800160e                _isatty
 .text._lseek   0x08001624       0x1a ./Src/syscalls.o
                0x08001624                _lseek
 *fill*         0x0800163e        0x2 
 .text._sbrk    0x08001640       0x6c ./Src/sysmem.o
                0x08001640                _sbrk
 .text.SystemInit
                0x080016ac        0xc ./Src/system_stm32f4xx.o
                0x080016ac                SystemInit
 .text.DWT_Init
                0x080016b8       0x60 ./Src/system_stm32f4xx.o
                0x080016b8                DWT_Init
 .text.Reset_Handler
                0x08001718       0x50 ./Startup/startup_stm32f407vgtx.o
                0x08001718                Reset_Handler
 .text.Default_Handler
                0x08001768        0x2 ./Startup/startup_stm32f407vgtx.o
                0x08001768                RTC_Alarm_IRQHandler
                0x08001768                HASH_RNG_IRQHandler
                0x08001768                EXTI2_IRQHandler
                0x08001768                TIM8_CC_IRQHandler
                0x08001768                DebugMon_Handler
                0x08001768                TIM1_CC_IRQHandler
                0x08001768                DMA2_Stream5_IRQHandler
                0x08001768                HardFault_Handler
                0x08001768                DMA1_Stream5_IRQHandler
                0x08001768                PVD_IRQHandler
                0x08001768                SDIO_IRQHandler
                0x08001768                TAMP_STAMP_IRQHandler
                0x08001768                PendSV_Handler
                0x08001768                NMI_Handler
                0x08001768                CAN2_RX1_IRQHandler
                0x08001768                EXTI3_IRQHandler
                0x08001768                TIM8_TRG_COM_TIM14_IRQHandler
                0x08001768                TIM1_UP_TIM10_IRQHandler
                0x08001768                TIM8_UP_TIM13_IRQHandler
                0x08001768                I2C3_ER_IRQHandler
                0x08001768                EXTI0_IRQHandler
                0x08001768                I2C2_EV_IRQHandler
                0x08001768                DMA1_Stream2_IRQHandler
                0x08001768                CAN1_RX0_IRQHandler
                0x08001768                FPU_IRQHandler
                0x08001768                OTG_HS_WKUP_IRQHandler
                0x08001768                UsageFault_Handler
                0x08001768                CAN2_SCE_IRQHandler
                0x08001768                DMA2_Stream2_IRQHandler
                0x08001768                SPI1_IRQHandler
                0x08001768                TIM6_DAC_IRQHandler
                0x08001768                TIM1_BRK_TIM9_IRQHandler
                0x08001768                DCMI_IRQHandler
                0x08001768                CAN2_RX0_IRQHandler
                0x08001768                DMA2_Stream3_IRQHandler
                0x08001768                USART6_IRQHandler
                0x08001768                USART3_IRQHandler
                0x08001768                CRYP_IRQHandler
                0x08001768                CAN1_RX1_IRQHandler
                0x08001768                UART5_IRQHandler
                0x08001768                DMA2_Stream0_IRQHandler
                0x08001768                TIM4_IRQHandler
                0x08001768                I2C1_EV_IRQHandler
                0x08001768                DMA1_Stream6_IRQHandler
                0x08001768                DMA1_Stream1_IRQHandler
                0x08001768                UART4_IRQHandler
                0x08001768                TIM3_IRQHandler
                0x08001768                RCC_IRQHandler
                0x08001768                TIM8_BRK_TIM12_IRQHandler
                0x08001768                Default_Handler
                0x08001768                EXTI15_10_IRQHandler
                0x08001768                ADC_IRQHandler
                0x08001768                DMA1_Stream7_IRQHandler
                0x08001768                TIM7_IRQHandler
                0x08001768                CAN2_TX_IRQHandler
                0x08001768                TIM5_IRQHandler
                0x08001768                DMA2_Stream7_IRQHandler
                0x08001768                I2C3_EV_IRQHandler
                0x08001768                EXTI9_5_IRQHandler
                0x08001768                RTC_WKUP_IRQHandler
                0x08001768                ETH_WKUP_IRQHandler
                0x08001768                SPI2_IRQHandler
                0x08001768                OTG_HS_EP1_IN_IRQHandler
                0x08001768                MemManage_Handler
                0x08001768                DMA1_Stream0_IRQHandler
                0x08001768                CAN1_TX_IRQHandler
                0x08001768                SVC_Handler
                0x08001768                EXTI4_IRQHandler
                0x08001768                FSMC_IRQHandler
                0x08001768                ETH_IRQHandler
                0x08001768                OTG_HS_EP1_OUT_IRQHandler
                0x08001768                WWDG_IRQHandler
                0x08001768                TIM2_IRQHandler
                0x08001768                OTG_FS_WKUP_IRQHandler
                0x08001768                TIM1_TRG_COM_TIM11_IRQHandler
                0x08001768                OTG_HS_IRQHandler
                0x08001768                EXTI1_IRQHandler
                0x08001768                USART2_IRQHandler
                0x08001768                I2C2_ER_IRQHandler
                0x08001768                DMA2_Stream1_IRQHandler
                0x08001768                CAN1_SCE_IRQHandler
                0x08001768                DMA2_Stream4_IRQHandler
                0x08001768                BusFault_Handler
                0x08001768                USART1_IRQHandler
                0x08001768                OTG_FS_IRQHandler
                0x08001768                SPI3_IRQHandler
                0x08001768                DMA1_Stream4_IRQHandler
                0x08001768                I2C1_ER_IRQHandler
                0x08001768                DMA2_Stream6_IRQHandler
                0x08001768                DMA1_Stream3_IRQHandler
 *fill*         0x0800176a        0x2 
 .text.std      0x0800176c       0x6c /opt/st/stm32cubeide_1.15.0/plugins/com.st.stm32cube.ide.mcu.externaltools.gnu-tools-for-stm32.12.3.rel1.linux64_1.0.100.202403111256/tools/bin/../lib/gcc/arm-none-eabi/12.3.1/../../../../arm-none-eabi/lib/thumb/v7e-m+fp/hard/libc_nano.a(libc_a-findfp.o)
 .text.stdio_exit_handler
                0x080017d8       0x18 /opt/st/stm32cubeide_1.15.0/plugins/com.st.stm32cube.ide.mcu.externaltools.gnu-tools-for-stm32.12.3.rel1.linux64_1.0.100.202403111256/tools/bin/../lib/gcc/arm-none-eabi/12.3.1/../../../../arm-none-eabi/lib/thumb/v7e-m+fp/hard/libc_nano.a(libc_a-findfp.o)
 .text.cleanup_stdio
                0x080017f0       0x40 /opt/st/stm32cubeide_1.15.0/plugins/com.st.stm32cube.ide.mcu.externaltools.gnu-tools-for-stm32.12.3.rel1.linux64_1.0.100.202403111256/tools/bin/../lib/gcc/arm-none-eabi/12.3.1/../../../../arm-none-eabi/lib/thumb/v7e-m+fp/hard/libc_nano.a(libc_a-findfp.o)
 .text.global_stdio_init.part.0
                0x08001830       0x3c /opt/st/stm32cubeide_1.15.0/plugins/com.st.stm32cube.ide.mcu.externaltools.gnu-tools-for-stm32.12.3.rel1.linux64_1.0.100.202403111256/tools/bin/../lib/gcc/arm-none-eabi/12.3.1/../../../../arm-none-eabi/lib/thumb/v7e-m+fp/hard/libc_nano.a(libc_a-findfp.o)
 .text.__sfp_lock_acquire
                0x0800186c        0xc /opt/st/stm32cubeide_1.15.0/plugins/com.st.stm32cube.ide.mcu.externaltools.gnu-tools-for-stm32.12.3.rel1.linux64_1.0.100.202403111256/tools/bin/../lib/gcc/arm-none-eabi/12.3.1/../../../../arm-none-eabi/lib/thumb/v7e-m+fp/hard/libc_nano.a(libc_a-findfp.o)
                0x0800186c                __sfp_lock_acquire
 .text.__sfp_lock_release
                0x08001878        0xc /opt/st/stm32cubeide_1.15.0/plugins/com.st.stm32cube.ide.mcu.externaltools.gnu-tools-for-stm32.12.3.rel1.linux64_1.0.100.202403111256/tools/bin/../lib/gcc/arm-none-eabi/12.3.1/../../../../arm-none-eabi/lib/thumb/v7e-m+fp/hard/libc_nano.a(libc_a-findfp.o)
                0x08001878                __sfp_lock_release
 .text.__sinit  0x08001884       0x30 /opt/st/stm32cubeide_1.15.0/plugins/com.st.stm32cube.ide.mcu.externaltools.gnu-tools-for-stm32.12.3.rel1.linux64_1.0.100.202403111256/tools/bin/../lib/gcc/arm-none-eabi/12.3.1/../../../../arm-none-eabi/lib/thumb/v7e-m+fp/hard/libc_nano.a(libc_a-findfp.o)
                0x08001884                __sinit
 .text._fwalk_sglue
                0x080018b4       0x3c /opt/st/stm32cubeide_1.15.0/plugins/com.st.stm32cube.ide.mcu.externaltools.gnu-tools-for-stm32.12.3.rel1.linux64_1.0.100.202403111256/tools/bin/../lib/gcc/arm-none-eabi/12.3.1/../../../../arm-none-eabi/lib/thumb/v7e-m+fp/hard/libc_nano.a(libc_a-fwalk.o)
                0x080018b4                _fwalk_sglue
 .text.printf   0x080018f0       0x24 /opt/st/stm32cubeide_1.15.0/plugins/com.st.stm32cube.ide.mcu.externaltools.gnu-tools-for-stm32.12.3.rel1.linux64_1.0.100.202403111256/tools/bin/../lib/gcc/arm-none-eabi/12.3.1/../../../../arm-none-eabi/lib/thumb/v7e-m+fp/hard/libc_nano.a(libc_a-printf.o)
                0x080018f0                printf
                0x080018f0                iprintf
 .text._puts_r  0x08001914       0xaa /opt/st/stm32cubeide_1.15.0/plugins/com.st.stm32cube.ide.mcu.externaltools.gnu-tools-for-stm32.12.3.rel1.linux64_1.0.100.202403111256/tools/bin/../lib/gcc/arm-none-eabi/12.3.1/../../../../arm-none-eabi/lib/thumb/v7e-m+fp/hard/libc_nano.a(libc_a-puts.o)
                0x08001914                _puts_r
 *fill*         0x080019be        0x2 
 .text.puts     0x080019c0       0x10 /opt/st/stm32cubeide_1.15.0/plugins/com.st.stm32cube.ide.mcu.externaltools.gnu-tools-for-stm32.12.3.rel1.linux64_1.0.100.202403111256/tools/bin/../lib/gcc/arm-none-eabi/12.3.1/../../../../arm-none-eabi/lib/thumb/v7e-m+fp/hard/libc_nano.a(libc_a-puts.o)
                0x080019c0                puts
 .text.__sread  0x080019d0       0x22 /opt/st/stm32cubeide_1.15.0/plugins/com.st.stm32cube.ide.mcu.externaltools.gnu-tools-for-stm32.12.3.rel1.linux64_1.0.100.202403111256/tools/bin/../lib/gcc/arm-none-eabi/12.3.1/../../../../arm-none-eabi/lib/thumb/v7e-m+fp/hard/libc_nano.a(libc_a-stdio.o)
                0x080019d0                __sread
 .text.__swrite
                0x080019f2       0x38 /opt/st/stm32cubeide_1.15.0/plugins/com.st.stm32cube.ide.mcu.externaltools.gnu-tools-for-stm32.12.3.rel1.linux64_1.0.100.202403111256/tools/bin/../lib/gcc/arm-none-eabi/12.3.1/../../../../arm-none-eabi/lib/thumb/v7e-m+fp/hard/libc_nano.a(libc_a-stdio.o)
                0x080019f2                __swrite
 .text.__sseek  0x08001a2a       0x24 /opt/st/stm32cubeide_1.15.0/plugins/com.st.stm32cube.ide.mcu.externaltools.gnu-tools-for-stm32.12.3.rel1.linux64_1.0.100.202403111256/tools/bin/../lib/gcc/arm-none-eabi/12.3.1/../../../../arm-none-eabi/lib/thumb/v7e-m+fp/hard/libc_nano.a(libc_a-stdio.o)
                0x08001a2a                __sseek
 .text.__sclose
                0x08001a4e        0x8 /opt/st/stm32cubeide_1.15.0/plugins/com.st.stm32cube.ide.mcu.externaltools.gnu-tools-for-stm32.12.3.rel1.linux64_1.0.100.202403111256/tools/bin/../lib/gcc/arm-none-eabi/12.3.1/../../../../arm-none-eabi/lib/thumb/v7e-m+fp/hard/libc_nano.a(libc_a-stdio.o)
                0x08001a4e                __sclose
 .text.__swbuf_r
                0x08001a56       0x7c /opt/st/stm32cubeide_1.15.0/plugins/com.st.stm32cube.ide.mcu.externaltools.gnu-tools-for-stm32.12.3.rel1.linux64_1.0.100.202403111256/tools/bin/../lib/gcc/arm-none-eabi/12.3.1/../../../../arm-none-eabi/lib/thumb/v7e-m+fp/hard/libc_nano.a(libc_a-wbuf.o)
                0x08001a56                __swbuf_r
 *fill*         0x08001ad2        0x2 
 .text.__swsetup_r
                0x08001ad4       0xac /opt/st/stm32cubeide_1.15.0/plugins/com.st.stm32cube.ide.mcu.externaltools.gnu-tools-for-stm32.12.3.rel1.linux64_1.0.100.202403111256/tools/bin/../lib/gcc/arm-none-eabi/12.3.1/../../../../arm-none-eabi/lib/thumb/v7e-m+fp/hard/libc_nano.a(libc_a-wsetup.o)
                0x08001ad4                __swsetup_r
 .text.memset   0x08001b80       0x10 /opt/st/stm32cubeide_1.15.0/plugins/com.st.stm32cube.ide.mcu.externaltools.gnu-tools-for-stm32.12.3.rel1.linux64_1.0.100.202403111256/tools/bin/../lib/gcc/arm-none-eabi/12.3.1/../../../../arm-none-eabi/lib/thumb/v7e-m+fp/hard/libc_nano.a(libc_a-memset.o)
                0x08001b80                memset
 .text._close_r
                0x08001b90       0x20 /opt/st/stm32cubeide_1.15.0/plugins/com.st.stm32cube.ide.mcu.externaltools.gnu-tools-for-stm32.12.3.rel1.linux64_1.0.100.202403111256/tools/bin/../lib/gcc/arm-none-eabi/12.3.1/../../../../arm-none-eabi/lib/thumb/v7e-m+fp/hard/libc_nano.a(libc_a-closer.o)
                0x08001b90                _close_r
 .text._lseek_r
                0x08001bb0       0x24 /opt/st/stm32cubeide_1.15.0/plugins/com.st.stm32cube.ide.mcu.externaltools.gnu-tools-for-stm32.12.3.rel1.linux64_1.0.100.202403111256/tools/bin/../lib/gcc/arm-none-eabi/12.3.1/../../../../arm-none-eabi/lib/thumb/v7e-m+fp/hard/libc_nano.a(libc_a-lseekr.o)
                0x08001bb0                _lseek_r
 .text._read_r  0x08001bd4       0x24 /opt/st/stm32cubeide_1.15.0/plugins/com.st.stm32cube.ide.mcu.externaltools.gnu-tools-for-stm32.12.3.rel1.linux64_1.0.100.202403111256/tools/bin/../lib/gcc/arm-none-eabi/12.3.1/../../../../arm-none-eabi/lib/thumb/v7e-m+fp/hard/libc_nano.a(libc_a-readr.o)
                0x08001bd4                _read_r
 .text._write_r
                0x08001bf8       0x24 /opt/st/stm32cubeide_1.15.0/plugins/com.st.stm32cube.ide.mcu.externaltools.gnu-tools-for-stm32.12.3.rel1.linux64_1.0.100.202403111256/tools/bin/../lib/gcc/arm-none-eabi/12.3.1/../../../../arm-none-eabi/lib/thumb/v7e-m+fp/hard/libc_nano.a(libc_a-writer.o)
                0x08001bf8                _write_r
 .text.__errno  0x08001c1c        0xc /opt/st/stm32cubeide_1.15.0/plugins/com.st.stm32cube.ide.mcu.externaltools.gnu-tools-for-stm32.12.3.rel1.linux64_1.0.100.202403111256/tools/bin/../lib/gcc/arm-none-eabi/12.3.1/../../../../arm-none-eabi/lib/thumb/v7e-m+fp/hard/libc_nano.a(libc_a-errno.o)
                0x08001c1c                __errno
 .text.__libc_init_array
                0x08001c28       0x48 /opt/st/stm32cubeide_1.15.0/plugins/com.st.stm32cube.ide.mcu.externaltools.gnu-tools-for-stm32.12.3.rel1.linux64_1.0.100.202403111256/tools/bin/../lib/gcc/arm-none-eabi/12.3.1/../../../../arm-none-eabi/lib/thumb/v7e-m+fp/hard/libc_nano.a(libc_a-init.o)
                0x08001c28                __libc_init_array
 .text.__retarget_lock_init_recursive
                0x08001c70        0x2 /opt/st/stm32cubeide_1.15.0/plugins/com.st.stm32cube.ide.mcu.externaltools.gnu-tools-for-stm32.12.3.rel1.linux64_1.0.100.202403111256/tools/bin/../lib/gcc/arm-none-eabi/12.3.1/../../../../arm-none-eabi/lib/thumb/v7e-m+fp/hard/libc_nano.a(libc_a-lock.o)
                0x08001c70                __retarget_lock_init_recursive
 .text.__retarget_lock_acquire_recursive
                0x08001c72        0x2 /opt/st/stm32cubeide_1.15.0/plugins/com.st.stm32cube.ide.mcu.externaltools.gnu-tools-for-stm32.12.3.rel1.linux64_1.0.100.202403111256/tools/bin/../lib/gcc/arm-none-eabi/12.3.1/../../../../arm-none-eabi/lib/thumb/v7e-m+fp/hard/libc_nano.a(libc_a-lock.o)
                0x08001c72                __retarget_lock_acquire_recursive
 .text.__retarget_lock_release_recursive
                0x08001c74        0x2 /opt/st/stm32cubeide_1.15.0/plugins/com.st.stm32cube.ide.mcu.externaltools.gnu-tools-for-stm32.12.3.rel1.linux64_1.0.100.202403111256/tools/bin/../lib/gcc/arm-none-eabi/12.3.1/../../../../arm-none-eabi/lib/thumb/v7e-m+fp/hard/libc_nano.a(libc_a-lock.o)
                0x08001c74                __retarget_lock_release_recursive
 *fill*         0x08001c76        0x2 
 .text._free_r  0x08001c78       0x94 /opt/st/stm32cubeide_1.15.0/plugins/com.st.stm32cube.ide.mcu.externaltools.gnu-tools-for-stm32.12.3.rel1.linux64_1.0.100.202403111256/tools/bin/../lib/gcc/arm-none-eabi/12.3.1/../../../../arm-none-eabi/lib/thumb/v7e-m+fp/hard/libc_nano.a(libc_a-freer.o)
                0x08001c78                _free_r
 .text.sbrk_aligned
                0x08001d0c       0x44 /opt/st/stm32cubeide_1.15.0/plugins/com.st.stm32cube.ide.mcu.externaltools.gnu-tools-for-stm32.12.3.rel1.linux64_1.0.100.202403111256/tools/bin/../lib/gcc/arm-none-eabi/12.3.1/../../../../arm-none-eabi/lib/thumb/v7e-m+fp/hard/libc_nano.a(libc_a-mallocr.o)
 .text._malloc_r
                0x08001d50      0x100 /opt/st/stm32cubeide_1.15.0/plugins/com.st.stm32cube.ide.mcu.externaltools.gnu-tools-for-stm32.12.3.rel1.linux64_1.0.100.202403111256/tools/bin/../lib/gcc/arm-none-eabi/12.3.1/../../../../arm-none-eabi/lib/thumb/v7e-m+fp/hard/libc_nano.a(libc_a-mallocr.o)
                0x08001d50                _malloc_r
 .text.__malloc_lock
                0x08001e50        0xc /opt/st/stm32cubeide_1.15.0/plugins/com.st.stm32cube.ide.mcu.externaltools.gnu-tools-for-stm32.12.3.rel1.linux64_1.0.100.202403111256/tools/bin/../lib/gcc/arm-none-eabi/12.3.1/../../../../arm-none-eabi/lib/thumb/v7e-m+fp/hard/libc_nano.a(libc_a-mlock.o)
                0x08001e50                __malloc_lock
 .text.__malloc_unlock
                0x08001e5c        0xc /opt/st/stm32cubeide_1.15.0/plugins/com.st.stm32cube.ide.mcu.externaltools.gnu-tools-for-stm32.12.3.rel1.linux64_1.0.100.202403111256/tools/bin/../lib/gcc/arm-none-eabi/12.3.1/../../../../arm-none-eabi/lib/thumb/v7e-m+fp/hard/libc_nano.a(libc_a-mlock.o)
                0x08001e5c                __malloc_unlock
 .text.__sfputc_r
                0x08001e68       0x2e /opt/st/stm32cubeide_1.15.0/plugins/com.st.stm32cube.ide.mcu.externaltools.gnu-tools-for-stm32.12.3.rel1.linux64_1.0.100.202403111256/tools/bin/../lib/gcc/arm-none-eabi/12.3.1/../../../../arm-none-eabi/lib/thumb/v7e-m+fp/hard/libc_nano.a(libc_a-nano-vfprintf.o)
 .text.__sfputs_r
                0x08001e96       0x24 /opt/st/stm32cubeide_1.15.0/plugins/com.st.stm32cube.ide.mcu.externaltools.gnu-tools-for-stm32.12.3.rel1.linux64_1.0.100.202403111256/tools/bin/../lib/gcc/arm-none-eabi/12.3.1/../../../../arm-none-eabi/lib/thumb/v7e-m+fp/hard/libc_nano.a(libc_a-nano-vfprintf.o)
                0x08001e96                __sfputs_r
 *fill*         0x08001eba        0x2 
 .text._vfprintf_r
                0x08001ebc      0x230 /opt/st/stm32cubeide_1.15.0/plugins/com.st.stm32cube.ide.mcu.externaltools.gnu-tools-for-stm32.12.3.rel1.linux64_1.0.100.202403111256/tools/bin/../lib/gcc/arm-none-eabi/12.3.1/../../../../arm-none-eabi/lib/thumb/v7e-m+fp/hard/libc_nano.a(libc_a-nano-vfprintf.o)
                0x08001ebc                _vfiprintf_r
                0x08001ebc                _vfprintf_r
 .text._printf_common
                0x080020ec       0xda /opt/st/stm32cubeide_1.15.0/plugins/com.st.stm32cube.ide.mcu.externaltools.gnu-tools-for-stm32.12.3.rel1.linux64_1.0.100.202403111256/tools/bin/../lib/gcc/arm-none-eabi/12.3.1/../../../../arm-none-eabi/lib/thumb/v7e-m+fp/hard/libc_nano.a(libc_a-nano-vfprintf_i.o)
                0x080020ec                _printf_common
 *fill*         0x080021c6        0x2 
 .text._printf_i
                0x080021c8      0x240 /opt/st/stm32cubeide_1.15.0/plugins/com.st.stm32cube.ide.mcu.externaltools.gnu-tools-for-stm32.12.3.rel1.linux64_1.0.100.202403111256/tools/bin/../lib/gcc/arm-none-eabi/12.3.1/../../../../arm-none-eabi/lib/thumb/v7e-m+fp/hard/libc_nano.a(libc_a-nano-vfprintf_i.o)
                0x080021c8                _printf_i
 .text.__sflush_r
                0x08002408      0x108 /opt/st/stm32cubeide_1.15.0/plugins/com.st.stm32cube.ide.mcu.externaltools.gnu-tools-for-stm32.12.3.rel1.linux64_1.0.100.202403111256/tools/bin/../lib/gcc/arm-none-eabi/12.3.1/../../../../arm-none-eabi/lib/thumb/v7e-m+fp/hard/libc_nano.a(libc_a-fflush.o)
                0x08002408                __sflush_r
 .text._fflush_r
                0x08002510       0x50 /opt/st/stm32cubeide_1.15.0/plugins/com.st.stm32cube.ide.mcu.externaltools.gnu-tools-for-stm32.12.3.rel1.linux64_1.0.100.202403111256/tools/bin/../lib/gcc/arm-none-eabi/12.3.1/../../../../arm-none-eabi/lib/thumb/v7e-m+fp/hard/libc_nano.a(libc_a-fflush.o)
                0x08002510                _fflush_r
 .text.__swhatbuf_r
                0x08002560       0x4c /opt/st/stm32cubeide_1.15.0/plugins/com.st.stm32cube.ide.mcu.externaltools.gnu-tools-for-stm32.12.3.rel1.linux64_1.0.100.202403111256/tools/bin/../lib/gcc/arm-none-eabi/12.3.1/../../../../arm-none-eabi/lib/thumb/v7e-m+fp/hard/libc_nano.a(libc_a-makebuf.o)
                0x08002560                __swhatbuf_r
 .text.__smakebuf_r
                0x080025ac       0x78 /opt/st/stm32cubeide_1.15.0/plugins/com.st.stm32cube.ide.mcu.externaltools.gnu-tools-for-stm32.12.3.rel1.linux64_1.0.100.202403111256/tools/bin/../lib/gcc/arm-none-eabi/12.3.1/../../../../arm-none-eabi/lib/thumb/v7e-m+fp/hard/libc_nano.a(libc_a-makebuf.o)
                0x080025ac                __smakebuf_r
 .text._fstat_r
                0x08002624       0x24 /opt/st/stm32cubeide_1.15.0/plugins/com.st.stm32cube.ide.mcu.externaltools.gnu-tools-for-stm32.12.3.rel1.linux64_1.0.100.202403111256/tools/bin/../lib/gcc/arm-none-eabi/12.3.1/../../../../arm-none-eabi/lib/thumb/v7e-m+fp/hard/libc_nano.a(libc_a-fstatr.o)
                0x08002624                _fstat_r
 .text._isatty_r
                0x08002648       0x20 /opt/st/stm32cubeide_1.15.0/plugins/com.st.stm32cube.ide.mcu.externaltools.gnu-tools-for-stm32.12.3.rel1.linux64_1.0.100.202403111256/tools/bin/../lib/gcc/arm-none-eabi/12.3.1/../../../../arm-none-eabi/lib/thumb/v7e-m+fp/hard/libc_nano.a(libc_a-isattyr.o)
                0x08002648                _isatty_r
 .text._sbrk_r  0x08002668       0x20 /opt/st/stm32cubeide_1.15.0/plugins/com.st.stm32cube.ide.mcu.externaltools.gnu-tools-for-stm32.12.3.rel1.linux64_1.0.100.202403111256/tools/bin/../lib/gcc/arm-none-eabi/12.3.1/../../../../arm-none-eabi/lib/thumb/v7e-m+fp/hard/libc_nano.a(libc_a-sbrkr.o)
                0x08002668                _sbrk_r
 *(.glue_7)
 .glue_7        0x08002688        0x0 linker stubs
 *(.glue_7t)
 .glue_7t       0x08002688        0x0 linker stubs
 *(.eh_frame)
 .eh_frame      0x08002688        0x0 /opt/st/stm32cubeide_1.15.0/plugins/com.st.stm32cube.ide.mcu.externaltools.gnu-tools-for-stm32.12.3.rel1.linux64_1.0.100.202403111256/tools/bin/../lib/gcc/arm-none-eabi/12.3.1/thumb/v7e-m+fp/hard/crtbegin.o
 *(.init)
 .init          0x08002688        0x4 /opt/st/stm32cubeide_1.15.0/plugins/com.st.stm32cube.ide.mcu.externaltools.gnu-tools-for-stm32.12.3.rel1.linux64_1.0.100.202403111256/tools/bin/../lib/gcc/arm-none-eabi/12.3.1/thumb/v7e-m+fp/hard/crti.o
                0x08002688                _init
 .init          0x0800268c        0x8 /opt/st/stm32cubeide_1.15.0/plugins/com.st.stm32cube.ide.mcu.externaltools.gnu-tools-for-stm32.12.3.rel1.linux64_1.0.100.202403111256/tools/bin/../lib/gcc/arm-none-eabi/12.3.1/thumb/v7e-m+fp/hard/crtn.o
 *(.fini)
 .fini          0x08002694        0x4 /opt/st/stm32cubeide_1.15.0/plugins/com.st.stm32cube.ide.mcu.externaltools.gnu-tools-for-stm32.12.3.rel1.linux64_1.0.100.202403111256/tools/bin/../lib/gcc/arm-none-eabi/12.3.1/thumb/v7e-m+fp/hard/crti.o
                0x08002694                _fini
 .fini          0x08002698        0x8 /opt/st/stm32cubeide_1.15.0/plugins/com.st.stm32cube.ide.mcu.externaltools.gnu-tools-for-stm32.12.3.rel1.linux64_1.0.100.202403111256/tools/bin/../lib/gcc/arm-none-eabi/12.3.1/thumb/v7e-m+fp/hard/crtn.o
                0x080026a0                        . = ALIGN (0x4)
                0x080026a0                        _etext = .

.vfp11_veneer   0x080026a0        0x0
 .vfp11_veneer  0x080026a0        0x0 linker stubs

.v4_bx          0x080026a0        0x0
 .v4_bx         0x080026a0        0x0 linker stubs

.iplt           0x080026a0        0x0
 .iplt          0x080026a0        0x0 /opt/st/stm32cubeide_1.15.0/plugins/com.st.stm32cube.ide.mcu.externaltools.gnu-tools-for-stm32.12.3.rel1.linux64_1.0.100.202403111256/tools/bin/../lib/gcc/arm-none-eabi/12.3.1/thumb/v7e-m+fp/hard/crtbegin.o

.rodata         0x080026a0      0x108
                0x080026a0                        . = ALIGN (0x4)
 *(.rodata)
 .rodata        0x080026a0       0x13 ./Src/RFID.o
 *fill*         0x080026b3        0x1 
 .rodata        0x080026b4       0x5f ./Src/main.o
 *fill*         0x08002713        0x1 
 .rodata        0x08002714       0x40 ./Src/spi.o
 *(.rodata*)
 .rodata.keymap
                0x08002754       0x10 ./Src/keypad.o
                0x08002754                keymap
 .rodata.clo_state
                0x08002764       0x10 ./Src/keypad.o
                0x08002764                clo_state
 .rodata._vfprintf_r.str1.1
                0x08002774       0x11 /opt/st/stm32cubeide_1.15.0/plugins/com.st.stm32cube.ide.mcu.externaltools.gnu-tools-for-stm32.12.3.rel1.linux64_1.0.100.202403111256/tools/bin/../lib/gcc/arm-none-eabi/12.3.1/../../../../arm-none-eabi/lib/thumb/v7e-m+fp/hard/libc_nano.a(libc_a-nano-vfprintf.o)
 .rodata._printf_i.str1.1
                0x08002785       0x22 /opt/st/stm32cubeide_1.15.0/plugins/com.st.stm32cube.ide.mcu.externaltools.gnu-tools-for-stm32.12.3.rel1.linux64_1.0.100.202403111256/tools/bin/../lib/gcc/arm-none-eabi/12.3.1/../../../../arm-none-eabi/lib/thumb/v7e-m+fp/hard/libc_nano.a(libc_a-nano-vfprintf_i.o)
                0x080027a8                        . = ALIGN (0x4)
 *fill*         0x080027a7        0x1 

.ARM.extab      0x080027a8        0x0
                0x080027a8                        . = ALIGN (0x4)
 *(.ARM.extab* .gnu.linkonce.armextab.*)
                0x080027a8                        . = ALIGN (0x4)

.ARM            0x080027a8        0x8
                0x080027a8                        . = ALIGN (0x4)
                0x080027a8                        __exidx_start = .
 *(.ARM.exidx*)
 .ARM.exidx     0x080027a8        0x8 /opt/st/stm32cubeide_1.15.0/plugins/com.st.stm32cube.ide.mcu.externaltools.gnu-tools-for-stm32.12.3.rel1.linux64_1.0.100.202403111256/tools/bin/../lib/gcc/arm-none-eabi/12.3.1/../../../../arm-none-eabi/lib/thumb/v7e-m+fp/hard/libc_nano.a(libc_a-memchr.o)
                0x080027b0                        __exidx_end = .
                0x080027b0                        . = ALIGN (0x4)

.preinit_array  0x080027b0        0x0
                0x080027b0                        . = ALIGN (0x4)
                0x080027b0                        PROVIDE (__preinit_array_start = .)
 *(.preinit_array*)
                0x080027b0                        PROVIDE (__preinit_array_end = .)
                0x080027b0                        . = ALIGN (0x4)

.init_array     0x080027b0        0x4
                0x080027b0                        . = ALIGN (0x4)
                0x080027b0                        PROVIDE (__init_array_start = .)
 *(SORT_BY_NAME(.init_array.*))
 *(.init_array*)
 .init_array    0x080027b0        0x4 /opt/st/stm32cubeide_1.15.0/plugins/com.st.stm32cube.ide.mcu.externaltools.gnu-tools-for-stm32.12.3.rel1.linux64_1.0.100.202403111256/tools/bin/../lib/gcc/arm-none-eabi/12.3.1/thumb/v7e-m+fp/hard/crtbegin.o
                0x080027b4                        PROVIDE (__init_array_end = .)
                0x080027b4                        . = ALIGN (0x4)

.fini_array     0x080027b4        0x4
                0x080027b4                        . = ALIGN (0x4)
                [!provide]                        PROVIDE (__fini_array_start = .)
 *(SORT_BY_NAME(.fini_array.*))
 *(.fini_array*)
 .fini_array    0x080027b4        0x4 /opt/st/stm32cubeide_1.15.0/plugins/com.st.stm32cube.ide.mcu.externaltools.gnu-tools-for-stm32.12.3.rel1.linux64_1.0.100.202403111256/tools/bin/../lib/gcc/arm-none-eabi/12.3.1/thumb/v7e-m+fp/hard/crtbegin.o
                [!provide]                        PROVIDE (__fini_array_end = .)
                0x080027b8                        . = ALIGN (0x4)
                0x080027b8                        _sidata = LOADADDR (.data)

.rel.dyn        0x080027b8        0x0
 .rel.iplt      0x080027b8        0x0 /opt/st/stm32cubeide_1.15.0/plugins/com.st.stm32cube.ide.mcu.externaltools.gnu-tools-for-stm32.12.3.rel1.linux64_1.0.100.202403111256/tools/bin/../lib/gcc/arm-none-eabi/12.3.1/thumb/v7e-m+fp/hard/crtbegin.o

.data           0x20000000       0x60 load address 0x080027b8
                0x20000000                        . = ALIGN (0x4)
                0x20000000                        _sdata = .
 *(.data)
 *(.data*)
 .data.SystemCoreClock
                0x20000000        0x4 ./Src/system_stm32f4xx.o
                0x20000000                SystemCoreClock
 .data.__sglue  0x20000004        0xc /opt/st/stm32cubeide_1.15.0/plugins/com.st.stm32cube.ide.mcu.externaltools.gnu-tools-for-stm32.12.3.rel1.linux64_1.0.100.202403111256/tools/bin/../lib/gcc/arm-none-eabi/12.3.1/../../../../arm-none-eabi/lib/thumb/v7e-m+fp/hard/libc_nano.a(libc_a-findfp.o)
                0x20000004                __sglue
 .data._impure_ptr
                0x20000010        0x4 /opt/st/stm32cubeide_1.15.0/plugins/com.st.stm32cube.ide.mcu.externaltools.gnu-tools-for-stm32.12.3.rel1.linux64_1.0.100.202403111256/tools/bin/../lib/gcc/arm-none-eabi/12.3.1/../../../../arm-none-eabi/lib/thumb/v7e-m+fp/hard/libc_nano.a(libc_a-impure.o)
                0x20000010                _impure_ptr
 .data._impure_data
                0x20000014       0x4c /opt/st/stm32cubeide_1.15.0/plugins/com.st.stm32cube.ide.mcu.externaltools.gnu-tools-for-stm32.12.3.rel1.linux64_1.0.100.202403111256/tools/bin/../lib/gcc/arm-none-eabi/12.3.1/../../../../arm-none-eabi/lib/thumb/v7e-m+fp/hard/libc_nano.a(libc_a-impure.o)
                0x20000014                _impure_data
 *(.RamFunc)
 *(.RamFunc*)
                0x20000060                        . = ALIGN (0x4)
                0x20000060                        _edata = .
                0x08002818                        _siccmram = LOADADDR (.ccmram)

.igot.plt       0x20000060        0x0 load address 0x08002818
 .igot.plt      0x20000060        0x0 /opt/st/stm32cubeide_1.15.0/plugins/com.st.stm32cube.ide.mcu.externaltools.gnu-tools-for-stm32.12.3.rel1.linux64_1.0.100.202403111256/tools/bin/../lib/gcc/arm-none-eabi/12.3.1/thumb/v7e-m+fp/hard/crtbegin.o

.ccmram         0x10000000        0x0 load address 0x08002818
                0x10000000                        . = ALIGN (0x4)
                0x10000000                        _sccmram = .
 *(.ccmram)
 *(.ccmram*)
                0x10000000                        . = ALIGN (0x4)
                0x10000000                        _eccmram = .
                0x10000000                        . = ALIGN (0x4)

.bss            0x20000060      0x178
                0x20000060                        _sbss = .
                0x20000060                        __bss_start__ = _sbss
 *(.bss)
 .bss           0x20000060       0x1c /opt/st/stm32cubeide_1.15.0/plugins/com.st.stm32cube.ide.mcu.externaltools.gnu-tools-for-stm32.12.3.rel1.linux64_1.0.100.202403111256/tools/bin/../lib/gcc/arm-none-eabi/12.3.1/thumb/v7e-m+fp/hard/crtbegin.o
 *(.bss*)
 .bss.ms        0x2000007c        0x4 ./Src/delay.o
                0x2000007c                ms
 .bss.rms       0x20000080        0x4 ./Src/delay.o
                0x20000080                rms
 .bss.rfid_id   0x20000084        0x4 ./Src/main.o
                0x20000084                rfid_id
 .bss.__sbrk_heap_end
                0x20000088        0x4 ./Src/sysmem.o
 .bss.__sf      0x2000008c      0x138 /opt/st/stm32cubeide_1.15.0/plugins/com.st.stm32cube.ide.mcu.externaltools.gnu-tools-for-stm32.12.3.rel1.linux64_1.0.100.202403111256/tools/bin/../lib/gcc/arm-none-eabi/12.3.1/../../../../arm-none-eabi/lib/thumb/v7e-m+fp/hard/libc_nano.a(libc_a-findfp.o)
                0x2000008c                __sf
 .bss.__stdio_exit_handler
                0x200001c4        0x4 /opt/st/stm32cubeide_1.15.0/plugins/com.st.stm32cube.ide.mcu.externaltools.gnu-tools-for-stm32.12.3.rel1.linux64_1.0.100.202403111256/tools/bin/../lib/gcc/arm-none-eabi/12.3.1/../../../../arm-none-eabi/lib/thumb/v7e-m+fp/hard/libc_nano.a(libc_a-findfp.o)
                0x200001c4                __stdio_exit_handler
 .bss.errno     0x200001c8        0x4 /opt/st/stm32cubeide_1.15.0/plugins/com.st.stm32cube.ide.mcu.externaltools.gnu-tools-for-stm32.12.3.rel1.linux64_1.0.100.202403111256/tools/bin/../lib/gcc/arm-none-eabi/12.3.1/../../../../arm-none-eabi/lib/thumb/v7e-m+fp/hard/libc_nano.a(libc_a-reent.o)
                0x200001c8                errno
 .bss.__lock___malloc_recursive_mutex
                0x200001cc        0x1 /opt/st/stm32cubeide_1.15.0/plugins/com.st.stm32cube.ide.mcu.externaltools.gnu-tools-for-stm32.12.3.rel1.linux64_1.0.100.202403111256/tools/bin/../lib/gcc/arm-none-eabi/12.3.1/../../../../arm-none-eabi/lib/thumb/v7e-m+fp/hard/libc_nano.a(libc_a-lock.o)
                0x200001cc                __lock___malloc_recursive_mutex
 .bss.__lock___sfp_recursive_mutex
                0x200001cd        0x1 /opt/st/stm32cubeide_1.15.0/plugins/com.st.stm32cube.ide.mcu.externaltools.gnu-tools-for-stm32.12.3.rel1.linux64_1.0.100.202403111256/tools/bin/../lib/gcc/arm-none-eabi/12.3.1/../../../../arm-none-eabi/lib/thumb/v7e-m+fp/hard/libc_nano.a(libc_a-lock.o)
                0x200001cd                __lock___sfp_recursive_mutex
 *fill*         0x200001ce        0x2 
 .bss.__malloc_sbrk_start
                0x200001d0        0x4 /opt/st/stm32cubeide_1.15.0/plugins/com.st.stm32cube.ide.mcu.externaltools.gnu-tools-for-stm32.12.3.rel1.linux64_1.0.100.202403111256/tools/bin/../lib/gcc/arm-none-eabi/12.3.1/../../../../arm-none-eabi/lib/thumb/v7e-m+fp/hard/libc_nano.a(libc_a-mallocr.o)
                0x200001d0                __malloc_sbrk_start
 .bss.__malloc_free_list
                0x200001d4        0x4 /opt/st/stm32cubeide_1.15.0/plugins/com.st.stm32cube.ide.mcu.externaltools.gnu-tools-for-stm32.12.3.rel1.linux64_1.0.100.202403111256/tools/bin/../lib/gcc/arm-none-eabi/12.3.1/../../../../arm-none-eabi/lib/thumb/v7e-m+fp/hard/libc_nano.a(libc_a-mallocr.o)
                0x200001d4                __malloc_free_list
 *(COMMON)
                0x200001d8                        . = ALIGN (0x4)
                0x200001d8                        _ebss = .
                0x200001d8                        __bss_end__ = _ebss

._user_heap_stack
                0x200001d8      0x600
                0x200001d8                        . = ALIGN (0x8)
                [!provide]                        PROVIDE (end = .)
                0x200001d8                        PROVIDE (_end = .)
                0x200003d8                        . = (. + _Min_Heap_Size)
 *fill*         0x200001d8      0x200 
                0x200007d8                        . = (. + _Min_Stack_Size)
 *fill*         0x200003d8      0x400 
                0x200007d8                        . = ALIGN (0x8)

/DISCARD/
 libc.a(*)
 libm.a(*)
 libgcc.a(*)

.ARM.attributes
                0x00000000       0x30
 *(.ARM.attributes)
 .ARM.attributes
                0x00000000       0x22 /opt/st/stm32cubeide_1.15.0/plugins/com.st.stm32cube.ide.mcu.externaltools.gnu-tools-for-stm32.12.3.rel1.linux64_1.0.100.202403111256/tools/bin/../lib/gcc/arm-none-eabi/12.3.1/thumb/v7e-m+fp/hard/crti.o
 .ARM.attributes
                0x00000022       0x34 /opt/st/stm32cubeide_1.15.0/plugins/com.st.stm32cube.ide.mcu.externaltools.gnu-tools-for-stm32.12.3.rel1.linux64_1.0.100.202403111256/tools/bin/../lib/gcc/arm-none-eabi/12.3.1/thumb/v7e-m+fp/hard/crtbegin.o
 .ARM.attributes
                0x00000056       0x34 ./Src/RFID.o
 .ARM.attributes
                0x0000008a       0x34 ./Src/delay.o
 .ARM.attributes
                0x000000be       0x34 ./Src/i2c.o
 .ARM.attributes
                0x000000f2       0x34 ./Src/i2c_lcd.o
 .ARM.attributes
                0x00000126       0x34 ./Src/itm.o
 .ARM.attributes
                0x0000015a       0x34 ./Src/keypad.o
 .ARM.attributes
                0x0000018e       0x34 ./Src/led.o
 .ARM.attributes
                0x000001c2       0x34 ./Src/main.o
 .ARM.attributes
                0x000001f6       0x34 ./Src/servo.o
 .ARM.attributes
                0x0000022a       0x34 ./Src/spi.o
 .ARM.attributes
                0x0000025e       0x34 ./Src/syscalls.o
 .ARM.attributes
                0x00000292       0x34 ./Src/sysmem.o
 .ARM.attributes
                0x000002c6       0x34 ./Src/system_stm32f4xx.o
 .ARM.attributes
                0x000002fa       0x21 ./Startup/startup_stm32f407vgtx.o
 .ARM.attributes
                0x0000031b       0x34 /opt/st/stm32cubeide_1.15.0/plugins/com.st.stm32cube.ide.mcu.externaltools.gnu-tools-for-stm32.12.3.rel1.linux64_1.0.100.202403111256/tools/bin/../lib/gcc/arm-none-eabi/12.3.1/../../../../arm-none-eabi/lib/thumb/v7e-m+fp/hard/libc_nano.a(libc_a-findfp.o)
 .ARM.attributes
                0x0000034f       0x34 /opt/st/stm32cubeide_1.15.0/plugins/com.st.stm32cube.ide.mcu.externaltools.gnu-tools-for-stm32.12.3.rel1.linux64_1.0.100.202403111256/tools/bin/../lib/gcc/arm-none-eabi/12.3.1/../../../../arm-none-eabi/lib/thumb/v7e-m+fp/hard/libc_nano.a(libc_a-fwalk.o)
 .ARM.attributes
                0x00000383       0x34 /opt/st/stm32cubeide_1.15.0/plugins/com.st.stm32cube.ide.mcu.externaltools.gnu-tools-for-stm32.12.3.rel1.linux64_1.0.100.202403111256/tools/bin/../lib/gcc/arm-none-eabi/12.3.1/../../../../arm-none-eabi/lib/thumb/v7e-m+fp/hard/libc_nano.a(libc_a-printf.o)
 .ARM.attributes
                0x000003b7       0x34 /opt/st/stm32cubeide_1.15.0/plugins/com.st.stm32cube.ide.mcu.externaltools.gnu-tools-for-stm32.12.3.rel1.linux64_1.0.100.202403111256/tools/bin/../lib/gcc/arm-none-eabi/12.3.1/../../../../arm-none-eabi/lib/thumb/v7e-m+fp/hard/libc_nano.a(libc_a-puts.o)
 .ARM.attributes
                0x000003eb       0x34 /opt/st/stm32cubeide_1.15.0/plugins/com.st.stm32cube.ide.mcu.externaltools.gnu-tools-for-stm32.12.3.rel1.linux64_1.0.100.202403111256/tools/bin/../lib/gcc/arm-none-eabi/12.3.1/../../../../arm-none-eabi/lib/thumb/v7e-m+fp/hard/libc_nano.a(libc_a-stdio.o)
 .ARM.attributes
                0x0000041f       0x34 /opt/st/stm32cubeide_1.15.0/plugins/com.st.stm32cube.ide.mcu.externaltools.gnu-tools-for-stm32.12.3.rel1.linux64_1.0.100.202403111256/tools/bin/../lib/gcc/arm-none-eabi/12.3.1/../../../../arm-none-eabi/lib/thumb/v7e-m+fp/hard/libc_nano.a(libc_a-wbuf.o)
 .ARM.attributes
                0x00000453       0x34 /opt/st/stm32cubeide_1.15.0/plugins/com.st.stm32cube.ide.mcu.externaltools.gnu-tools-for-stm32.12.3.rel1.linux64_1.0.100.202403111256/tools/bin/../lib/gcc/arm-none-eabi/12.3.1/../../../../arm-none-eabi/lib/thumb/v7e-m+fp/hard/libc_nano.a(libc_a-wsetup.o)
 .ARM.attributes
                0x00000487       0x34 /opt/st/stm32cubeide_1.15.0/plugins/com.st.stm32cube.ide.mcu.externaltools.gnu-tools-for-stm32.12.3.rel1.linux64_1.0.100.202403111256/tools/bin/../lib/gcc/arm-none-eabi/12.3.1/../../../../arm-none-eabi/lib/thumb/v7e-m+fp/hard/libc_nano.a(libc_a-memset.o)
 .ARM.attributes
                0x000004bb       0x34 /opt/st/stm32cubeide_1.15.0/plugins/com.st.stm32cube.ide.mcu.externaltools.gnu-tools-for-stm32.12.3.rel1.linux64_1.0.100.202403111256/tools/bin/../lib/gcc/arm-none-eabi/12.3.1/../../../../arm-none-eabi/lib/thumb/v7e-m+fp/hard/libc_nano.a(libc_a-closer.o)
 .ARM.attributes
                0x000004ef       0x34 /opt/st/stm32cubeide_1.15.0/plugins/com.st.stm32cube.ide.mcu.externaltools.gnu-tools-for-stm32.12.3.rel1.linux64_1.0.100.202403111256/tools/bin/../lib/gcc/arm-none-eabi/12.3.1/../../../../arm-none-eabi/lib/thumb/v7e-m+fp/hard/libc_nano.a(libc_a-reent.o)
 .ARM.attributes
                0x00000523       0x34 /opt/st/stm32cubeide_1.15.0/plugins/com.st.stm32cube.ide.mcu.externaltools.gnu-tools-for-stm32.12.3.rel1.linux64_1.0.100.202403111256/tools/bin/../lib/gcc/arm-none-eabi/12.3.1/../../../../arm-none-eabi/lib/thumb/v7e-m+fp/hard/libc_nano.a(libc_a-impure.o)
 .ARM.attributes
                0x00000557       0x34 /opt/st/stm32cubeide_1.15.0/plugins/com.st.stm32cube.ide.mcu.externaltools.gnu-tools-for-stm32.12.3.rel1.linux64_1.0.100.202403111256/tools/bin/../lib/gcc/arm-none-eabi/12.3.1/../../../../arm-none-eabi/lib/thumb/v7e-m+fp/hard/libc_nano.a(libc_a-lseekr.o)
 .ARM.attributes
                0x0000058b       0x34 /opt/st/stm32cubeide_1.15.0/plugins/com.st.stm32cube.ide.mcu.externaltools.gnu-tools-for-stm32.12.3.rel1.linux64_1.0.100.202403111256/tools/bin/../lib/gcc/arm-none-eabi/12.3.1/../../../../arm-none-eabi/lib/thumb/v7e-m+fp/hard/libc_nano.a(libc_a-readr.o)
 .ARM.attributes
                0x000005bf       0x34 /opt/st/stm32cubeide_1.15.0/plugins/com.st.stm32cube.ide.mcu.externaltools.gnu-tools-for-stm32.12.3.rel1.linux64_1.0.100.202403111256/tools/bin/../lib/gcc/arm-none-eabi/12.3.1/../../../../arm-none-eabi/lib/thumb/v7e-m+fp/hard/libc_nano.a(libc_a-writer.o)
 .ARM.attributes
                0x000005f3       0x34 /opt/st/stm32cubeide_1.15.0/plugins/com.st.stm32cube.ide.mcu.externaltools.gnu-tools-for-stm32.12.3.rel1.linux64_1.0.100.202403111256/tools/bin/../lib/gcc/arm-none-eabi/12.3.1/../../../../arm-none-eabi/lib/thumb/v7e-m+fp/hard/libc_nano.a(libc_a-errno.o)
 .ARM.attributes
                0x00000627       0x34 /opt/st/stm32cubeide_1.15.0/plugins/com.st.stm32cube.ide.mcu.externaltools.gnu-tools-for-stm32.12.3.rel1.linux64_1.0.100.202403111256/tools/bin/../lib/gcc/arm-none-eabi/12.3.1/../../../../arm-none-eabi/lib/thumb/v7e-m+fp/hard/libc_nano.a(libc_a-init.o)
 .ARM.attributes
                0x0000065b       0x34 /opt/st/stm32cubeide_1.15.0/plugins/com.st.stm32cube.ide.mcu.externaltools.gnu-tools-for-stm32.12.3.rel1.linux64_1.0.100.202403111256/tools/bin/../lib/gcc/arm-none-eabi/12.3.1/../../../../arm-none-eabi/lib/thumb/v7e-m+fp/hard/libc_nano.a(libc_a-lock.o)
 .ARM.attributes
                0x0000068f       0x34 /opt/st/stm32cubeide_1.15.0/plugins/com.st.stm32cube.ide.mcu.externaltools.gnu-tools-for-stm32.12.3.rel1.linux64_1.0.100.202403111256/tools/bin/../lib/gcc/arm-none-eabi/12.3.1/../../../../arm-none-eabi/lib/thumb/v7e-m+fp/hard/libc_nano.a(libc_a-freer.o)
 .ARM.attributes
                0x000006c3       0x34 /opt/st/stm32cubeide_1.15.0/plugins/com.st.stm32cube.ide.mcu.externaltools.gnu-tools-for-stm32.12.3.rel1.linux64_1.0.100.202403111256/tools/bin/../lib/gcc/arm-none-eabi/12.3.1/../../../../arm-none-eabi/lib/thumb/v7e-m+fp/hard/libc_nano.a(libc_a-mallocr.o)
 .ARM.attributes
                0x000006f7       0x34 /opt/st/stm32cubeide_1.15.0/plugins/com.st.stm32cube.ide.mcu.externaltools.gnu-tools-for-stm32.12.3.rel1.linux64_1.0.100.202403111256/tools/bin/../lib/gcc/arm-none-eabi/12.3.1/../../../../arm-none-eabi/lib/thumb/v7e-m+fp/hard/libc_nano.a(libc_a-mlock.o)
 .ARM.attributes
                0x0000072b       0x34 /opt/st/stm32cubeide_1.15.0/plugins/com.st.stm32cube.ide.mcu.externaltools.gnu-tools-for-stm32.12.3.rel1.linux64_1.0.100.202403111256/tools/bin/../lib/gcc/arm-none-eabi/12.3.1/../../../../arm-none-eabi/lib/thumb/v7e-m+fp/hard/libc_nano.a(libc_a-nano-vfprintf.o)
 .ARM.attributes
                0x0000075f       0x34 /opt/st/stm32cubeide_1.15.0/plugins/com.st.stm32cube.ide.mcu.externaltools.gnu-tools-for-stm32.12.3.rel1.linux64_1.0.100.202403111256/tools/bin/../lib/gcc/arm-none-eabi/12.3.1/../../../../arm-none-eabi/lib/thumb/v7e-m+fp/hard/libc_nano.a(libc_a-nano-vfprintf_i.o)
 .ARM.attributes
                0x00000793       0x34 /opt/st/stm32cubeide_1.15.0/plugins/com.st.stm32cube.ide.mcu.externaltools.gnu-tools-for-stm32.12.3.rel1.linux64_1.0.100.202403111256/tools/bin/../lib/gcc/arm-none-eabi/12.3.1/../../../../arm-none-eabi/lib/thumb/v7e-m+fp/hard/libc_nano.a(libc_a-fflush.o)
 .ARM.attributes
                0x000007c7       0x34 /opt/st/stm32cubeide_1.15.0/plugins/com.st.stm32cube.ide.mcu.externaltools.gnu-tools-for-stm32.12.3.rel1.linux64_1.0.100.202403111256/tools/bin/../lib/gcc/arm-none-eabi/12.3.1/../../../../arm-none-eabi/lib/thumb/v7e-m+fp/hard/libc_nano.a(libc_a-makebuf.o)
 .ARM.attributes
                0x000007fb       0x34 /opt/st/stm32cubeide_1.15.0/plugins/com.st.stm32cube.ide.mcu.externaltools.gnu-tools-for-stm32.12.3.rel1.linux64_1.0.100.202403111256/tools/bin/../lib/gcc/arm-none-eabi/12.3.1/../../../../arm-none-eabi/lib/thumb/v7e-m+fp/hard/libc_nano.a(libc_a-fstatr.o)
 .ARM.attributes
                0x0000082f       0x34 /opt/st/stm32cubeide_1.15.0/plugins/com.st.stm32cube.ide.mcu.externaltools.gnu-tools-for-stm32.12.3.rel1.linux64_1.0.100.202403111256/tools/bin/../lib/gcc/arm-none-eabi/12.3.1/../../../../arm-none-eabi/lib/thumb/v7e-m+fp/hard/libc_nano.a(libc_a-isattyr.o)
 .ARM.attributes
                0x00000863       0x34 /opt/st/stm32cubeide_1.15.0/plugins/com.st.stm32cube.ide.mcu.externaltools.gnu-tools-for-stm32.12.3.rel1.linux64_1.0.100.202403111256/tools/bin/../lib/gcc/arm-none-eabi/12.3.1/../../../../arm-none-eabi/lib/thumb/v7e-m+fp/hard/libc_nano.a(libc_a-sbrkr.o)
 .ARM.attributes
                0x00000897       0x1c /opt/st/stm32cubeide_1.15.0/plugins/com.st.stm32cube.ide.mcu.externaltools.gnu-tools-for-stm32.12.3.rel1.linux64_1.0.100.202403111256/tools/bin/../lib/gcc/arm-none-eabi/12.3.1/../../../../arm-none-eabi/lib/thumb/v7e-m+fp/hard/libc_nano.a(libc_a-memchr.o)
 .ARM.attributes
                0x000008b3       0x22 /opt/st/stm32cubeide_1.15.0/plugins/com.st.stm32cube.ide.mcu.externaltools.gnu-tools-for-stm32.12.3.rel1.linux64_1.0.100.202403111256/tools/bin/../lib/gcc/arm-none-eabi/12.3.1/thumb/v7e-m+fp/hard/crtn.o
OUTPUT(Harsh_project.elf elf32-littlearm)
LOAD linker stubs
LOAD /opt/st/stm32cubeide_1.15.0/plugins/com.st.stm32cube.ide.mcu.externaltools.gnu-tools-for-stm32.12.3.rel1.linux64_1.0.100.202403111256/tools/bin/../lib/gcc/arm-none-eabi/12.3.1/../../../../arm-none-eabi/lib/thumb/v7e-m+fp/hard/libc.a
LOAD /opt/st/stm32cubeide_1.15.0/plugins/com.st.stm32cube.ide.mcu.externaltools.gnu-tools-for-stm32.12.3.rel1.linux64_1.0.100.202403111256/tools/bin/../lib/gcc/arm-none-eabi/12.3.1/../../../../arm-none-eabi/lib/thumb/v7e-m+fp/hard/libm.a
LOAD /opt/st/stm32cubeide_1.15.0/plugins/com.st.stm32cube.ide.mcu.externaltools.gnu-tools-for-stm32.12.3.rel1.linux64_1.0.100.202403111256/tools/bin/../lib/gcc/arm-none-eabi/12.3.1/thumb/v7e-m+fp/hard/libgcc.a

.debug_info     0x00000000     0x398d
 .debug_info    0x00000000      0x7a8 ./Src/RFID.o
 .debug_info    0x000007a8      0x1c7 ./Src/delay.o
 .debug_info    0x0000096f      0x644 ./Src/i2c.o
 .debug_info    0x00000fb3      0x383 ./Src/i2c_lcd.o
 .debug_info    0x00001336       0xae ./Src/itm.o
 .debug_info    0x000013e4      0x3c0 ./Src/keypad.o
 .debug_info    0x000017a4      0x549 ./Src/led.o
 .debug_info    0x00001ced      0x6f5 ./Src/main.o
 .debug_info    0x000023e2      0x400 ./Src/servo.o
 .debug_info    0x000027e2      0x434 ./Src/spi.o
 .debug_info    0x00002c16      0x6a3 ./Src/syscalls.o
 .debug_info    0x000032b9      0x168 ./Src/sysmem.o
 .debug_info    0x00003421      0x53c ./Src/system_stm32f4xx.o
 .debug_info    0x0000395d       0x30 ./Startup/startup_stm32f407vgtx.o

.debug_abbrev   0x00000000     0x1147
 .debug_abbrev  0x00000000      0x22d ./Src/RFID.o
 .debug_abbrev  0x0000022d      0x166 ./Src/delay.o
 .debug_abbrev  0x00000393      0x17f ./Src/i2c.o
 .debug_abbrev  0x00000512      0x18d ./Src/i2c_lcd.o
 .debug_abbrev  0x0000069f       0x67 ./Src/itm.o
 .debug_abbrev  0x00000706      0x146 ./Src/keypad.o
 .debug_abbrev  0x0000084c      0x136 ./Src/led.o
 .debug_abbrev  0x00000982      0x1c1 ./Src/main.o
 .debug_abbrev  0x00000b43       0xe4 ./Src/servo.o
 .debug_abbrev  0x00000c27      0x132 ./Src/spi.o
 .debug_abbrev  0x00000d59      0x1b6 ./Src/syscalls.o
 .debug_abbrev  0x00000f0f       0xbc ./Src/sysmem.o
 .debug_abbrev  0x00000fcb      0x158 ./Src/system_stm32f4xx.o
 .debug_abbrev  0x00001123       0x24 ./Startup/startup_stm32f407vgtx.o

.debug_aranges  0x00000000      0x3c0
 .debug_aranges
                0x00000000       0x90 ./Src/RFID.o
 .debug_aranges
                0x00000090       0x38 ./Src/delay.o
 .debug_aranges
                0x000000c8       0x68 ./Src/i2c.o
 .debug_aranges
                0x00000130       0x40 ./Src/i2c_lcd.o
 .debug_aranges
                0x00000170       0x20 ./Src/itm.o
 .debug_aranges
                0x00000190       0x30 ./Src/keypad.o
 .debug_aranges
                0x000001c0       0x40 ./Src/led.o
 .debug_aranges
                0x00000200       0x38 ./Src/main.o
 .debug_aranges
                0x00000238       0x30 ./Src/servo.o
 .debug_aranges
                0x00000268       0x30 ./Src/spi.o
 .debug_aranges
                0x00000298       0xa8 ./Src/syscalls.o
 .debug_aranges
                0x00000340       0x20 ./Src/sysmem.o
 .debug_aranges
                0x00000360       0x38 ./Src/system_stm32f4xx.o
 .debug_aranges
                0x00000398       0x28 ./Startup/startup_stm32f407vgtx.o

.debug_rnglists
                0x00000000      0x295
 .debug_rnglists
                0x00000000       0x6a ./Src/RFID.o
 .debug_rnglists
                0x0000006a       0x25 ./Src/delay.o
 .debug_rnglists
                0x0000008f       0x4a ./Src/i2c.o
 .debug_rnglists
                0x000000d9       0x2d ./Src/i2c_lcd.o
 .debug_rnglists
                0x00000106       0x13 ./Src/itm.o
 .debug_rnglists
                0x00000119       0x1f ./Src/keypad.o
 .debug_rnglists
                0x00000138       0x2c ./Src/led.o
 .debug_rnglists
                0x00000164       0x27 ./Src/main.o
 .debug_rnglists
                0x0000018b       0x1f ./Src/servo.o
 .debug_rnglists
                0x000001aa       0x20 ./Src/spi.o
 .debug_rnglists
                0x000001ca       0x79 ./Src/syscalls.o
 .debug_rnglists
                0x00000243       0x13 ./Src/sysmem.o
 .debug_rnglists
                0x00000256       0x26 ./Src/system_stm32f4xx.o
 .debug_rnglists
                0x0000027c       0x19 ./Startup/startup_stm32f407vgtx.o

.debug_macro    0x00000000    0x1ad03
 .debug_macro   0x00000000      0x1c6 ./Src/RFID.o
 .debug_macro   0x000001c6      0xaba ./Src/RFID.o
 .debug_macro   0x00000c80       0x22 ./Src/RFID.o
 .debug_macro   0x00000ca2       0x5b ./Src/RFID.o
 .debug_macro   0x00000cfd       0x2a ./Src/RFID.o
 .debug_macro   0x00000d27       0x94 ./Src/RFID.o
 .debug_macro   0x00000dbb       0x43 ./Src/RFID.o
 .debug_macro   0x00000dfe       0x34 ./Src/RFID.o
 .debug_macro   0x00000e32       0x16 ./Src/RFID.o
 .debug_macro   0x00000e48       0x57 ./Src/RFID.o
 .debug_macro   0x00000e9f       0x9e ./Src/RFID.o
 .debug_macro   0x00000f3d      0x369 ./Src/RFID.o
 .debug_macro   0x000012a6      0x10b ./Src/RFID.o
 .debug_macro   0x000013b1       0x10 ./Src/RFID.o
 .debug_macro   0x000013c1       0x16 ./Src/RFID.o
 .debug_macro   0x000013d7       0x43 ./Src/RFID.o
 .debug_macro   0x0000141a       0x34 ./Src/RFID.o
 .debug_macro   0x0000144e       0x10 ./Src/RFID.o
 .debug_macro   0x0000145e       0x58 ./Src/RFID.o
 .debug_macro   0x000014b6       0x8e ./Src/RFID.o
 .debug_macro   0x00001544       0x1c ./Src/RFID.o
 .debug_macro   0x00001560      0x177 ./Src/RFID.o
 .debug_macro   0x000016d7       0x16 ./Src/RFID.o
 .debug_macro   0x000016ed       0x16 ./Src/RFID.o
 .debug_macro   0x00001703      0x146 ./Src/RFID.o
 .debug_macro   0x00001849       0x22 ./Src/RFID.o
 .debug_macro   0x0000186b      0x103 ./Src/RFID.o
 .debug_macro   0x0000196e       0x6a ./Src/RFID.o
 .debug_macro   0x000019d8      0x1df ./Src/RFID.o
 .debug_macro   0x00001bb7      0x214 ./Src/RFID.o
 .debug_macro   0x00001dcb       0x2e ./Src/RFID.o
 .debug_macro   0x00001df9       0x2f ./Src/RFID.o
 .debug_macro   0x00001e28       0x1c ./Src/RFID.o
 .debug_macro   0x00001e44       0x22 ./Src/RFID.o
 .debug_macro   0x00001e66       0xd9 ./Src/RFID.o
 .debug_macro   0x00001f3f     0x102d ./Src/RFID.o
 .debug_macro   0x00002f6c      0x11f ./Src/RFID.o
 .debug_macro   0x0000308b       0x11 ./Src/RFID.o
 .debug_macro   0x0000309c    0x15e3c ./Src/RFID.o
 .debug_macro   0x00018ed8       0x4a ./Src/RFID.o
 .debug_macro   0x00018f22       0xd7 ./Src/delay.o
 .debug_macro   0x00018ff9       0x8e ./Src/delay.o
 .debug_macro   0x00019087       0x51 ./Src/delay.o
 .debug_macro   0x000190d8       0xdc ./Src/i2c.o
 .debug_macro   0x000191b4       0x10 ./Src/i2c.o
 .debug_macro   0x000191c4       0xeb ./Src/i2c_lcd.o
 .debug_macro   0x000192af       0x6a ./Src/i2c_lcd.o
 .debug_macro   0x00019319       0x75 ./Src/itm.o
 .debug_macro   0x0001938e       0xda ./Src/keypad.o
 .debug_macro   0x00019468       0x82 ./Src/keypad.o
 .debug_macro   0x000194ea       0xd6 ./Src/led.o
 .debug_macro   0x000195c0       0x28 ./Src/led.o
 .debug_macro   0x000195e8       0x74 ./Src/led.o
 .debug_macro   0x0001965c      0x20b ./Src/main.o
 .debug_macro   0x00019867       0x61 ./Src/main.o
 .debug_macro   0x000198c8       0x2e ./Src/main.o
 .debug_macro   0x000198f6       0x10 ./Src/main.o
 .debug_macro   0x00019906       0x16 ./Src/main.o
 .debug_macro   0x0001991c       0xda ./Src/servo.o
 .debug_macro   0x000199f6      0x1c4 ./Src/spi.o
 .debug_macro   0x00019bba      0x274 ./Src/syscalls.o
 .debug_macro   0x00019e2e      0x189 ./Src/syscalls.o
 .debug_macro   0x00019fb7       0x10 ./Src/syscalls.o
 .debug_macro   0x00019fc7       0x35 ./Src/syscalls.o
 .debug_macro   0x00019ffc       0x10 ./Src/syscalls.o
 .debug_macro   0x0001a00c       0x10 ./Src/syscalls.o
 .debug_macro   0x0001a01c       0x10 ./Src/syscalls.o
 .debug_macro   0x0001a02c       0x1c ./Src/syscalls.o
 .debug_macro   0x0001a048       0x52 ./Src/syscalls.o
 .debug_macro   0x0001a09a       0x22 ./Src/syscalls.o
 .debug_macro   0x0001a0bc       0x10 ./Src/syscalls.o
 .debug_macro   0x0001a0cc       0x52 ./Src/syscalls.o
 .debug_macro   0x0001a11e       0xcf ./Src/syscalls.o
 .debug_macro   0x0001a1ed       0x1c ./Src/syscalls.o
 .debug_macro   0x0001a209       0x3d ./Src/syscalls.o
 .debug_macro   0x0001a246       0x35 ./Src/syscalls.o
 .debug_macro   0x0001a27b      0x12c ./Src/syscalls.o
 .debug_macro   0x0001a3a7       0x16 ./Src/syscalls.o
 .debug_macro   0x0001a3bd       0x16 ./Src/syscalls.o
 .debug_macro   0x0001a3d3       0x29 ./Src/syscalls.o
 .debug_macro   0x0001a3fc       0x10 ./Src/syscalls.o
 .debug_macro   0x0001a40c      0x242 ./Src/syscalls.o
 .debug_macro   0x0001a64e       0x1c ./Src/syscalls.o
 .debug_macro   0x0001a66a       0x10 ./Src/syscalls.o
 .debug_macro   0x0001a67a      0x18a ./Src/syscalls.o
 .debug_macro   0x0001a804       0x16 ./Src/syscalls.o
 .debug_macro   0x0001a81a       0xce ./Src/syscalls.o
 .debug_macro   0x0001a8e8       0xff ./Src/sysmem.o
 .debug_macro   0x0001a9e7      0x23c ./Src/sysmem.o
 .debug_macro   0x0001ac23       0xe0 ./Src/system_stm32f4xx.o

.debug_line     0x00000000     0x4a35
 .debug_line    0x00000000      0x92f ./Src/RFID.o
 .debug_line    0x0000092f      0x49d ./Src/delay.o
 .debug_line    0x00000dcc      0x674 ./Src/i2c.o
 .debug_line    0x00001440      0x4ec ./Src/i2c_lcd.o
 .debug_line    0x0000192c      0x37a ./Src/itm.o
 .debug_line    0x00001ca6      0x49b ./Src/keypad.o
 .debug_line    0x00002141      0x4d8 ./Src/led.o
 .debug_line    0x00002619      0x69f ./Src/main.o
 .debug_line    0x00002cb8      0x48e ./Src/servo.o
 .debug_line    0x00003146      0x709 ./Src/spi.o
 .debug_line    0x0000384f      0x7e2 ./Src/syscalls.o
 .debug_line    0x00004031      0x4b3 ./Src/sysmem.o
 .debug_line    0x000044e4      0x4d6 ./Src/system_stm32f4xx.o
 .debug_line    0x000049ba       0x7b ./Startup/startup_stm32f407vgtx.o

.debug_str      0x00000000    0x8e978
 .debug_str     0x00000000    0x8bfc7 ./Src/RFID.o
                              0x8c1e6 (size before relaxing)
 .debug_str     0x0008bfc7       0x8d ./Src/delay.o
                              0x87b9e (size before relaxing)
 .debug_str     0x0008c054      0x177 ./Src/i2c.o
                              0x87ddb (size before relaxing)
 .debug_str     0x0008c1cb      0x175 ./Src/i2c_lcd.o
                              0x87de4 (size before relaxing)
 .debug_str     0x0008c340       0xad ./Src/itm.o
                               0x3dac (size before relaxing)
 .debug_str     0x0008c3ed      0x1c9 ./Src/keypad.o
                              0x87e1f (size before relaxing)
 .debug_str     0x0008c5b6       0x82 ./Src/led.o
                              0x87d88 (size before relaxing)
 .debug_str     0x0008c638       0xbe ./Src/main.o
                              0x8c4dc (size before relaxing)
 .debug_str     0x0008c6f6        0xf ./Src/servo.o
                              0x87cd3 (size before relaxing)
 .debug_str     0x0008c705       0x3c ./Src/spi.o
                              0x8b76c (size before relaxing)
 .debug_str     0x0008c741     0x20a4 ./Src/syscalls.o
                               0x98a0 (size before relaxing)
 .debug_str     0x0008e7e5       0x66 ./Src/sysmem.o
                               0x60b8 (size before relaxing)
 .debug_str     0x0008e84b       0xee ./Src/system_stm32f4xx.o
                              0x87dc0 (size before relaxing)
 .debug_str     0x0008e939       0x3f ./Startup/startup_stm32f407vgtx.o
                                 0x68 (size before relaxing)

.comment        0x00000000       0x43
 .comment       0x00000000       0x43 ./Src/RFID.o
                                 0x44 (size before relaxing)
 .comment       0x00000043       0x44 ./Src/delay.o
 .comment       0x00000043       0x44 ./Src/i2c.o
 .comment       0x00000043       0x44 ./Src/i2c_lcd.o
 .comment       0x00000043       0x44 ./Src/itm.o
 .comment       0x00000043       0x44 ./Src/keypad.o
 .comment       0x00000043       0x44 ./Src/led.o
 .comment       0x00000043       0x44 ./Src/main.o
 .comment       0x00000043       0x44 ./Src/servo.o
 .comment       0x00000043       0x44 ./Src/spi.o
 .comment       0x00000043       0x44 ./Src/syscalls.o
 .comment       0x00000043       0x44 ./Src/sysmem.o
 .comment       0x00000043       0x44 ./Src/system_stm32f4xx.o

.debug_frame    0x00000000     0x139c
 .debug_frame   0x00000000      0x230 ./Src/RFID.o
 .debug_frame   0x00000230       0x9c ./Src/delay.o
 .debug_frame   0x000002cc      0x178 ./Src/i2c.o
 .debug_frame   0x00000444       0xc8 ./Src/i2c_lcd.o
 .debug_frame   0x0000050c       0x38 ./Src/itm.o
 .debug_frame   0x00000544       0x7c ./Src/keypad.o
 .debug_frame   0x000005c0       0xd4 ./Src/led.o
 .debug_frame   0x00000694       0xa4 ./Src/main.o
 .debug_frame   0x00000738       0x78 ./Src/servo.o
 .debug_frame   0x000007b0       0x78 ./Src/spi.o
 .debug_frame   0x00000828      0x2ac ./Src/syscalls.o
 .debug_frame   0x00000ad4       0x34 ./Src/sysmem.o
 .debug_frame   0x00000b08       0x84 ./Src/system_stm32f4xx.o
 .debug_frame   0x00000b8c      0x144 /opt/st/stm32cubeide_1.15.0/plugins/com.st.stm32cube.ide.mcu.externaltools.gnu-tools-for-stm32.12.3.rel1.linux64_1.0.100.202403111256/tools/bin/../lib/gcc/arm-none-eabi/12.3.1/../../../../arm-none-eabi/lib/thumb/v7e-m+fp/hard/libc_nano.a(libc_a-findfp.o)
 .debug_frame   0x00000cd0       0x34 /opt/st/stm32cubeide_1.15.0/plugins/com.st.stm32cube.ide.mcu.externaltools.gnu-tools-for-stm32.12.3.rel1.linux64_1.0.100.202403111256/tools/bin/../lib/gcc/arm-none-eabi/12.3.1/../../../../arm-none-eabi/lib/thumb/v7e-m+fp/hard/libc_nano.a(libc_a-fwalk.o)
 .debug_frame   0x00000d04       0x6c /opt/st/stm32cubeide_1.15.0/plugins/com.st.stm32cube.ide.mcu.externaltools.gnu-tools-for-stm32.12.3.rel1.linux64_1.0.100.202403111256/tools/bin/../lib/gcc/arm-none-eabi/12.3.1/../../../../arm-none-eabi/lib/thumb/v7e-m+fp/hard/libc_nano.a(libc_a-printf.o)
 .debug_frame   0x00000d70       0x3c /opt/st/stm32cubeide_1.15.0/plugins/com.st.stm32cube.ide.mcu.externaltools.gnu-tools-for-stm32.12.3.rel1.linux64_1.0.100.202403111256/tools/bin/../lib/gcc/arm-none-eabi/12.3.1/../../../../arm-none-eabi/lib/thumb/v7e-m+fp/hard/libc_nano.a(libc_a-puts.o)
 .debug_frame   0x00000dac       0x88 /opt/st/stm32cubeide_1.15.0/plugins/com.st.stm32cube.ide.mcu.externaltools.gnu-tools-for-stm32.12.3.rel1.linux64_1.0.100.202403111256/tools/bin/../lib/gcc/arm-none-eabi/12.3.1/../../../../arm-none-eabi/lib/thumb/v7e-m+fp/hard/libc_nano.a(libc_a-stdio.o)
 .debug_frame   0x00000e34       0x40 /opt/st/stm32cubeide_1.15.0/plugins/com.st.stm32cube.ide.mcu.externaltools.gnu-tools-for-stm32.12.3.rel1.linux64_1.0.100.202403111256/tools/bin/../lib/gcc/arm-none-eabi/12.3.1/../../../../arm-none-eabi/lib/thumb/v7e-m+fp/hard/libc_nano.a(libc_a-wbuf.o)
 .debug_frame   0x00000e74       0x2c /opt/st/stm32cubeide_1.15.0/plugins/com.st.stm32cube.ide.mcu.externaltools.gnu-tools-for-stm32.12.3.rel1.linux64_1.0.100.202403111256/tools/bin/../lib/gcc/arm-none-eabi/12.3.1/../../../../arm-none-eabi/lib/thumb/v7e-m+fp/hard/libc_nano.a(libc_a-wsetup.o)
 .debug_frame   0x00000ea0       0x20 /opt/st/stm32cubeide_1.15.0/plugins/com.st.stm32cube.ide.mcu.externaltools.gnu-tools-for-stm32.12.3.rel1.linux64_1.0.100.202403111256/tools/bin/../lib/gcc/arm-none-eabi/12.3.1/../../../../arm-none-eabi/lib/thumb/v7e-m+fp/hard/libc_nano.a(libc_a-memset.o)
 .debug_frame   0x00000ec0       0x2c /opt/st/stm32cubeide_1.15.0/plugins/com.st.stm32cube.ide.mcu.externaltools.gnu-tools-for-stm32.12.3.rel1.linux64_1.0.100.202403111256/tools/bin/../lib/gcc/arm-none-eabi/12.3.1/../../../../arm-none-eabi/lib/thumb/v7e-m+fp/hard/libc_nano.a(libc_a-closer.o)
 .debug_frame   0x00000eec       0x38 /opt/st/stm32cubeide_1.15.0/plugins/com.st.stm32cube.ide.mcu.externaltools.gnu-tools-for-stm32.12.3.rel1.linux64_1.0.100.202403111256/tools/bin/../lib/gcc/arm-none-eabi/12.3.1/../../../../arm-none-eabi/lib/thumb/v7e-m+fp/hard/libc_nano.a(libc_a-reent.o)
 .debug_frame   0x00000f24       0x2c /opt/st/stm32cubeide_1.15.0/plugins/com.st.stm32cube.ide.mcu.externaltools.gnu-tools-for-stm32.12.3.rel1.linux64_1.0.100.202403111256/tools/bin/../lib/gcc/arm-none-eabi/12.3.1/../../../../arm-none-eabi/lib/thumb/v7e-m+fp/hard/libc_nano.a(libc_a-lseekr.o)
 .debug_frame   0x00000f50       0x2c /opt/st/stm32cubeide_1.15.0/plugins/com.st.stm32cube.ide.mcu.externaltools.gnu-tools-for-stm32.12.3.rel1.linux64_1.0.100.202403111256/tools/bin/../lib/gcc/arm-none-eabi/12.3.1/../../../../arm-none-eabi/lib/thumb/v7e-m+fp/hard/libc_nano.a(libc_a-readr.o)
 .debug_frame   0x00000f7c       0x2c /opt/st/stm32cubeide_1.15.0/plugins/com.st.stm32cube.ide.mcu.externaltools.gnu-tools-for-stm32.12.3.rel1.linux64_1.0.100.202403111256/tools/bin/../lib/gcc/arm-none-eabi/12.3.1/../../../../arm-none-eabi/lib/thumb/v7e-m+fp/hard/libc_nano.a(libc_a-writer.o)
 .debug_frame   0x00000fa8       0x20 /opt/st/stm32cubeide_1.15.0/plugins/com.st.stm32cube.ide.mcu.externaltools.gnu-tools-for-stm32.12.3.rel1.linux64_1.0.100.202403111256/tools/bin/../lib/gcc/arm-none-eabi/12.3.1/../../../../arm-none-eabi/lib/thumb/v7e-m+fp/hard/libc_nano.a(libc_a-errno.o)
 .debug_frame   0x00000fc8       0x2c /opt/st/stm32cubeide_1.15.0/plugins/com.st.stm32cube.ide.mcu.externaltools.gnu-tools-for-stm32.12.3.rel1.linux64_1.0.100.202403111256/tools/bin/../lib/gcc/arm-none-eabi/12.3.1/../../../../arm-none-eabi/lib/thumb/v7e-m+fp/hard/libc_nano.a(libc_a-init.o)
 .debug_frame   0x00000ff4       0xb0 /opt/st/stm32cubeide_1.15.0/plugins/com.st.stm32cube.ide.mcu.externaltools.gnu-tools-for-stm32.12.3.rel1.linux64_1.0.100.202403111256/tools/bin/../lib/gcc/arm-none-eabi/12.3.1/../../../../arm-none-eabi/lib/thumb/v7e-m+fp/hard/libc_nano.a(libc_a-lock.o)
 .debug_frame   0x000010a4       0x38 /opt/st/stm32cubeide_1.15.0/plugins/com.st.stm32cube.ide.mcu.externaltools.gnu-tools-for-stm32.12.3.rel1.linux64_1.0.100.202403111256/tools/bin/../lib/gcc/arm-none-eabi/12.3.1/../../../../arm-none-eabi/lib/thumb/v7e-m+fp/hard/libc_nano.a(libc_a-freer.o)
 .debug_frame   0x000010dc       0x50 /opt/st/stm32cubeide_1.15.0/plugins/com.st.stm32cube.ide.mcu.externaltools.gnu-tools-for-stm32.12.3.rel1.linux64_1.0.100.202403111256/tools/bin/../lib/gcc/arm-none-eabi/12.3.1/../../../../arm-none-eabi/lib/thumb/v7e-m+fp/hard/libc_nano.a(libc_a-mallocr.o)
 .debug_frame   0x0000112c       0x30 /opt/st/stm32cubeide_1.15.0/plugins/com.st.stm32cube.ide.mcu.externaltools.gnu-tools-for-stm32.12.3.rel1.linux64_1.0.100.202403111256/tools/bin/../lib/gcc/arm-none-eabi/12.3.1/../../../../arm-none-eabi/lib/thumb/v7e-m+fp/hard/libc_nano.a(libc_a-mlock.o)
 .debug_frame   0x0000115c       0xa8 /opt/st/stm32cubeide_1.15.0/plugins/com.st.stm32cube.ide.mcu.externaltools.gnu-tools-for-stm32.12.3.rel1.linux64_1.0.100.202403111256/tools/bin/../lib/gcc/arm-none-eabi/12.3.1/../../../../arm-none-eabi/lib/thumb/v7e-m+fp/hard/libc_nano.a(libc_a-nano-vfprintf.o)
 .debug_frame   0x00001204       0x60 /opt/st/stm32cubeide_1.15.0/plugins/com.st.stm32cube.ide.mcu.externaltools.gnu-tools-for-stm32.12.3.rel1.linux64_1.0.100.202403111256/tools/bin/../lib/gcc/arm-none-eabi/12.3.1/../../../../arm-none-eabi/lib/thumb/v7e-m+fp/hard/libc_nano.a(libc_a-nano-vfprintf_i.o)
 .debug_frame   0x00001264       0x5c /opt/st/stm32cubeide_1.15.0/plugins/com.st.stm32cube.ide.mcu.externaltools.gnu-tools-for-stm32.12.3.rel1.linux64_1.0.100.202403111256/tools/bin/../lib/gcc/arm-none-eabi/12.3.1/../../../../arm-none-eabi/lib/thumb/v7e-m+fp/hard/libc_nano.a(libc_a-fflush.o)
 .debug_frame   0x000012c0       0x58 /opt/st/stm32cubeide_1.15.0/plugins/com.st.stm32cube.ide.mcu.externaltools.gnu-tools-for-stm32.12.3.rel1.linux64_1.0.100.202403111256/tools/bin/../lib/gcc/arm-none-eabi/12.3.1/../../../../arm-none-eabi/lib/thumb/v7e-m+fp/hard/libc_nano.a(libc_a-makebuf.o)
 .debug_frame   0x00001318       0x2c /opt/st/stm32cubeide_1.15.0/plugins/com.st.stm32cube.ide.mcu.externaltools.gnu-tools-for-stm32.12.3.rel1.linux64_1.0.100.202403111256/tools/bin/../lib/gcc/arm-none-eabi/12.3.1/../../../../arm-none-eabi/lib/thumb/v7e-m+fp/hard/libc_nano.a(libc_a-fstatr.o)
 .debug_frame   0x00001344       0x2c /opt/st/stm32cubeide_1.15.0/plugins/com.st.stm32cube.ide.mcu.externaltools.gnu-tools-for-stm32.12.3.rel1.linux64_1.0.100.202403111256/tools/bin/../lib/gcc/arm-none-eabi/12.3.1/../../../../arm-none-eabi/lib/thumb/v7e-m+fp/hard/libc_nano.a(libc_a-isattyr.o)
 .debug_frame   0x00001370       0x2c /opt/st/stm32cubeide_1.15.0/plugins/com.st.stm32cube.ide.mcu.externaltools.gnu-tools-for-stm32.12.3.rel1.linux64_1.0.100.202403111256/tools/bin/../lib/gcc/arm-none-eabi/12.3.1/../../../../arm-none-eabi/lib/thumb/v7e-m+fp/hard/libc_nano.a(libc_a-sbrkr.o)

.debug_loclists
                0x00000000       0x1f
 .debug_loclists
                0x00000000       0x1f ./Src/system_stm32f4xx.o

.debug_line_str
                0x00000000       0x4c
 .debug_line_str
                0x00000000       0x4c ./Startup/startup_stm32f407vgtx.o
